<html>
<body>
<pre>
<h1>µVision Build Log</h1>
<h2>Tool Versions:</h2>
IDE-Version: ¦ÌVision V5.21.1.0
Copyright (C) 2016 ARM Ltd and ARM Germany GmbH. All rights reserved.
License Information: g 1365536687@qq.com, g, LIC=----
 
Tool Versions:
Toolchain:       MDK-Lite  Version: 5.21a
Toolchain Path:  D:\program\KEIL\software\ARM\ARMCC\Bin
C Compiler:      Armcc.exe V5.06 update 3 (build 300)
Assembler:       Armasm.exe V5.06 update 3 (build 300)
Linker/Locator:  ArmLink.exe V5.06 update 3 (build 300)
Library Manager: ArmAr.exe V5.06 update 3 (build 300)
Hex Converter:   FromElf.exe V5.06 update 3 (build 300)
CPU DLL:         SARMCM3.DLL V5.21a
Dialog DLL:      DCM.DLL V1.13.8.0
Target DLL:      STLink\ST-LINKIII-KEIL_SWO.dll V2.0.18.0
Dialog DLL:      TCM.DLL V1.14.14.0
 
<h2>Project:</h2>
D:\project\wireless communication\103r\103r_wifi\MDK-ARM\103r.uvprojx
Project File Date:  11/03/2021

<h2>Output:</h2>
*** Using Compiler 'V5.06 update 3 (build 300)', folder: 'D:\program\KEIL\software\ARM\ARMCC\Bin'
Build target '103r'
compiling esp8266.c...
..\Src\esp8266.c(18): warning:  #167-D: argument of type "u8 *" is incompatible with parameter of type "char *"
  	ack_determine(cmd);
..\Src\esp8266.c(60): warning:  #177-D: variable "ipclose" was declared but never referenced
  	char ipclose[]="AT+CIPCLOSE";
..\Src\esp8266.c(137): warning:  #940-D: missing return statement at end of non-void function "atk_8266_quit_trans"
  }
..\Src\esp8266.c(199): warning:  #1-D: last line of file ends without a newline
  }
..\Src\esp8266.c: 4 warnings, 0 errors
linking...
Program Size: Code=14440 RO-data=1412 RW-data=1040 ZI-data=4336  
FromELF: creating hex file...
"103r\103r.axf" - 0 Error(s), 4 Warning(s).

<h2>Software Packages used:</h2>

Package Vendor: ARM
                http://www.keil.com/pack/ARM.CMSIS.4.5.0.pack
                ARM::CMSIS:CORE:4.3.0
                CMSIS (Cortex Microcontroller Software Interface Standard)
   * Component: CORE Version: 4.3.0

<h2>Collection of Component include folders:</h2>
  D:\project\wireless communication\103r\103r_wifi\MDK-ARM\RTE
  D:\program\KEIL\software\ARM\PACK\ARM\CMSIS\4.5.0\CMSIS\Include
  D:\program\KEIL\software\ARM\PACK\Keil\STM32F1xx_DFP\1.0.5\Device\Include

<h2>Collection of Component Files used:</h2>

   * Component: ARM::CMSIS:CORE:4.3.0
Build Time Elapsed:  00:00:01
</pre>
</body>
</html>
