Component: ARM Compiler 5.06 update 1 (build 61) Tool: armlink [4d35a8]

==============================================================================

Section Cross References

    startup_stm32f103xe.o(RESET) refers to startup_stm32f103xe.o(STACK) for __initial_sp
    startup_stm32f103xe.o(RESET) refers to startup_stm32f103xe.o(.text) for Reset_Handler
    startup_stm32f103xe.o(RESET) refers to stm32f1xx_it.o(i.NMI_Handler) for NMI_Handler
    startup_stm32f103xe.o(RESET) refers to stm32f1xx_it.o(i.HardFault_Handler) for HardFault_Handler
    startup_stm32f103xe.o(RESET) refers to stm32f1xx_it.o(i.MemManage_Handler) for MemManage_Handler
    startup_stm32f103xe.o(RESET) refers to stm32f1xx_it.o(i.BusFault_Handler) for BusFault_Handler
    startup_stm32f103xe.o(RESET) refers to stm32f1xx_it.o(i.UsageFault_Handler) for UsageFault_Handler
    startup_stm32f103xe.o(RESET) refers to stm32f1xx_it.o(i.SVC_Handler) for SVC_Handler
    startup_stm32f103xe.o(RESET) refers to stm32f1xx_it.o(i.DebugMon_Handler) for DebugMon_Handler
    startup_stm32f103xe.o(RESET) refers to stm32f1xx_it.o(i.PendSV_Handler) for PendSV_Handler
    startup_stm32f103xe.o(RESET) refers to stm32f1xx_it.o(i.SysTick_Handler) for SysTick_Handler
    startup_stm32f103xe.o(RESET) refers to stm32f1xx_it.o(i.USART1_IRQHandler) for USART1_IRQHandler
    startup_stm32f103xe.o(RESET) refers to stm32f1xx_it.o(i.TIM6_IRQHandler) for TIM6_IRQHandler
    startup_stm32f103xe.o(RESET) refers to stm32f1xx_it.o(i.TIM7_IRQHandler) for TIM7_IRQHandler
    startup_stm32f103xe.o(.text) refers to system_stm32f1xx.o(i.SystemInit) for SystemInit
    startup_stm32f103xe.o(.text) refers to entry.o(.ARM.Collect$$$$00000000) for __main
    iic.o(i.iic_ack) refers to delay.o(i.delay_us) for delay_us
    iic.o(i.iic_nack) refers to delay.o(i.delay_us) for delay_us
    iic.o(i.iic_read_byte) refers to delay.o(i.delay_us) for delay_us
    iic.o(i.iic_read_byte) refers to iic.o(i.iic_ack) for iic_ack
    iic.o(i.iic_read_byte) refers to iic.o(i.iic_nack) for iic_nack
    iic.o(i.iic_start) refers to delay.o(i.delay_us) for delay_us
    iic.o(i.iic_stop) refers to delay.o(i.delay_us) for delay_us
    iic.o(i.iic_wait_ack) refers to delay.o(i.delay_us) for delay_us
    iic.o(i.iic_wait_ack) refers to iic.o(i.iic_stop) for iic_stop
    iic.o(i.iic_write_byte) refers to delay.o(i.delay_us) for delay_us
    oled.o(i.oled_chinese) refers to oled.o(i.oled_setpos) for oled_setpos
    oled.o(i.oled_chinese) refers to oled.o(.constdata) for .constdata
    oled.o(i.oled_clear) refers to oled.o(i.oled_refreshram) for oled_refreshram
    oled.o(i.oled_clear) refers to oled.o(.bss) for .bss
    oled.o(i.oled_fill) refers to oled.o(i.oled_setpos) for oled_setpos
    oled.o(i.oled_fill) refers to oled.o(i.oled_refreshram) for oled_refreshram
    oled.o(i.oled_fill) refers to oled.o(.bss) for .bss
    oled.o(i.oled_init) refers to delay.o(i.delay_ms) for delay_ms
    oled.o(i.oled_init) refers to oled.o(i.writecmd) for writecmd
    oled.o(i.oled_init) refers to oled.o(i.oled_clear) for oled_clear
    oled.o(i.oled_off) refers to oled.o(i.writecmd) for writecmd
    oled.o(i.oled_on) refers to oled.o(i.writecmd) for writecmd
    oled.o(i.oled_printf) refers to oled.o(i.oled_clear) for oled_clear
    oled.o(i.oled_printf) refers to oled.o(i.oled_showstr) for oled_showstr
    oled.o(i.oled_printf) refers to oled.o(i.oled_refreshram) for oled_refreshram
    oled.o(i.oled_printf) refers to oled.o(.bss) for .bss
    oled.o(i.oled_refreshram) refers to oled.o(i.writecmd) for writecmd
    oled.o(i.oled_refreshram) refers to oled.o(i.writedata) for writedata
    oled.o(i.oled_setpos) refers to oled.o(.bss) for .bss
    oled.o(i.oled_showchar) refers to oled.o(i.oled_setpos) for oled_setpos
    oled.o(i.oled_showchar) refers to oled.o(.constdata) for .constdata
    oled.o(i.oled_showstr) refers to oled.o(i.oled_clear) for oled_clear
    oled.o(i.oled_showstr) refers to oled.o(i.oled_showchar) for oled_showchar
    oled.o(i.writecmd) refers to iic.o(i.iic_start) for iic_start
    oled.o(i.writecmd) refers to iic.o(i.iic_write_byte) for iic_write_byte
    oled.o(i.writecmd) refers to iic.o(i.iic_ack) for iic_ack
    oled.o(i.writecmd) refers to iic.o(i.iic_stop) for iic_stop
    oled.o(i.writedata) refers to iic.o(i.iic_start) for iic_start
    oled.o(i.writedata) refers to iic.o(i.iic_write_byte) for iic_write_byte
    oled.o(i.writedata) refers to iic.o(i.iic_ack) for iic_ack
    oled.o(i.writedata) refers to iic.o(i.iic_stop) for iic_stop
    delay.o(i.delay_ms) refers to delay.o(i.delay_us) for delay_us
    key.o(i.KEY_Scan) refers to stm32f1xx_hal_gpio.o(i.HAL_GPIO_ReadPin) for HAL_GPIO_ReadPin
    key.o(i.KEY_Scan) refers to delay.o(i.delay_ms) for delay_ms
    key.o(i.KEY_Scan) refers to key.o(.data) for .data
    esp8266.o(i.ack_determine) refers to strcmp.o(.text) for strcmp
    esp8266.o(i.ack_determine) refers to strstr.o(.text) for strstr
[...]
    ../fplib/microlib/fpepilogue.c           0x00000000   Number         0  fepilogue.o ABSOLUTE
    ../fplib/microlib/fpfix.c                0x00000000   Number         0  dfixi.o ABSOLUTE
    ../fplib/microlib/fpfix.c                0x00000000   Number         0  ffixui.o ABSOLUTE
    ../fplib/microlib/fpfix.c                0x00000000   Number         0  dfixui.o ABSOLUTE
    ../fplib/microlib/fpfix.c                0x00000000   Number         0  dfixul.o ABSOLUTE
    ../fplib/microlib/fpflt.c                0x00000000   Number         0  dfltui.o ABSOLUTE
    ../fplib/microlib/fpflt.c                0x00000000   Number         0  ffltui.o ABSOLUTE
    ../fplib/microlib/fpflt.c                0x00000000   Number         0  dflti.o ABSOLUTE
    ../fplib/microlib/fpflt.c                0x00000000   Number         0  fflti.o ABSOLUTE
    ../fplib/microlib/fpmul.c                0x00000000   Number         0  fmul.o ABSOLUTE
    ../fplib/microlib/fpmul.c                0x00000000   Number         0  dmul.o ABSOLUTE
    ../fplib/microlib/fpscalb.c              0x00000000   Number         0  fscalb.o ABSOLUTE
    ..\Drivers\STM32F1xx_HAL_Driver\Src\stm32f1xx_hal.c 0x00000000   Number         0  stm32f1xx_hal.o ABSOLUTE
    ..\Drivers\STM32F1xx_HAL_Driver\Src\stm32f1xx_hal_adc.c 0x00000000   Number         0  stm32f1xx_hal_adc.o ABSOLUTE
    ..\Drivers\STM32F1xx_HAL_Driver\Src\stm32f1xx_hal_adc_ex.c 0x00000000   Number         0  stm32f1xx_hal_adc_ex.o ABSOLUTE
    ..\Drivers\STM32F1xx_HAL_Driver\Src\stm32f1xx_hal_cortex.c 0x00000000   Number         0  stm32f1xx_hal_cortex.o ABSOLUTE
    ..\Drivers\STM32F1xx_HAL_Driver\Src\stm32f1xx_hal_dma.c 0x00000000   Number         0  stm32f1xx_hal_dma.o ABSOLUTE
    ..\Drivers\STM32F1xx_HAL_Driver\Src\stm32f1xx_hal_exti.c 0x00000000   Number         0  stm32f1xx_hal_exti.o ABSOLUTE
    ..\Drivers\STM32F1xx_HAL_Driver\Src\stm32f1xx_hal_flash.c 0x00000000   Number         0  stm32f1xx_hal_flash.o ABSOLUTE
    ..\Drivers\STM32F1xx_HAL_Driver\Src\stm32f1xx_hal_flash_ex.c 0x00000000   Number         0  stm32f1xx_hal_flash_ex.o ABSOLUTE
    ..\Drivers\STM32F1xx_HAL_Driver\Src\stm32f1xx_hal_gpio.c 0x00000000   Number         0  stm32f1xx_hal_gpio.o ABSOLUTE
    ..\Drivers\STM32F1xx_HAL_Driver\Src\stm32f1xx_hal_gpio_ex.c 0x00000000   Number         0  stm32f1xx_hal_gpio_ex.o ABSOLUTE
    ..\Drivers\STM32F1xx_HAL_Driver\Src\stm32f1xx_hal_pwr.c 0x00000000   Number         0  stm32f1xx_hal_pwr.o ABSOLUTE
    ..\Drivers\STM32F1xx_HAL_Driver\Src\stm32f1xx_hal_rcc.c 0x00000000   Number         0  stm32f1xx_hal_rcc.o ABSOLUTE
    ..\Drivers\STM32F1xx_HAL_Driver\Src\stm32f1xx_hal_rcc_ex.c 0x00000000   Number         0  stm32f1xx_hal_rcc_ex.o ABSOLUTE
    ..\Drivers\STM32F1xx_HAL_Driver\Src\stm32f1xx_hal_tim.c 0x00000000   Number         0  stm32f1xx_hal_tim.o ABSOLUTE
    ..\Drivers\STM32F1xx_HAL_Driver\Src\stm32f1xx_hal_tim_ex.c 0x00000000   Number         0  stm32f1xx_hal_tim_ex.o ABSOLUTE
    ..\Drivers\STM32F1xx_HAL_Driver\Src\stm32f1xx_hal_uart.c 0x00000000   Number         0  stm32f1xx_hal_uart.o ABSOLUTE
    ..\SOLGUI\Font\Font4x6_ASCII.c           0x00000000   Number         0  font4x6_ascii.o ABSOLUTE
    ..\SOLGUI\Font\Font6x8_ASCII.c           0x00000000   Number         0  font6x8_ascii.o ABSOLUTE
    ..\SOLGUI\Font\Font8x10_ASCII.c          0x00000000   Number         0  font8x10_ascii.o ABSOLUTE
    ..\SOLGUI\Font\Font8x8_ASCII.c           0x00000000   Number         0  font8x8_ascii.o ABSOLUTE
    ..\SOLGUI\SOLGUI_Common.c                0x00000000   Number         0  solgui_common.o ABSOLUTE
    ..\SOLGUI\SOLGUI_GBasic.c                0x00000000   Number         0  solgui_gbasic.o ABSOLUTE
    ..\SOLGUI\SOLGUI_Hardware.c              0x00000000   Number         0  solgui_hardware.o ABSOLUTE
    ..\SOLGUI\SOLGUI_Menu.c                  0x00000000   Number         0  solgui_menu.o ABSOLUTE
    ..\SOLGUI\SOLGUI_Picture.c               0x00000000   Number         0  solgui_picture.o ABSOLUTE
    ..\SOLGUI\SOLGUI_Printf.c                0x00000000   Number         0  solgui_printf.o ABSOLUTE
    ..\SOLGUI\SOLGUI_Widget.c                0x00000000   Number         0  solgui_widget.o ABSOLUTE
    ..\Src\adc.c                             0x00000000   Number         0  adc.o ABSOLUTE
    ..\Src\delay.c                           0x00000000   Number         0  delay.o ABSOLUTE
    ..\Src\esp8266.c                         0x00000000   Number         0  esp8266.o ABSOLUTE
    ..\Src\gpio.c                            0x00000000   Number         0  gpio.o ABSOLUTE
    ..\Src\iic.c                             0x00000000   Number         0  iic.o ABSOLUTE
    ..\Src\key.c                             0x00000000   Number         0  key.o ABSOLUTE
    ..\Src\main.c                            0x00000000   Number         0  main.o ABSOLUTE
    ..\Src\oled.c                            0x00000000   Number         0  oled.o ABSOLUTE
    ..\Src\stm32f1xx_hal_msp.c               0x00000000   Number         0  stm32f1xx_hal_msp.o ABSOLUTE
    ..\Src\stm32f1xx_it.c                    0x00000000   Number         0  stm32f1xx_it.o ABSOLUTE
    ..\Src\system_stm32f1xx.c                0x00000000   Number         0  system_stm32f1xx.o ABSOLUTE
    ..\Src\tim.c                             0x00000000   Number         0  tim.o ABSOLUTE
    ..\Src\usart.c                           0x00000000   Number         0  usart.o ABSOLUTE
    ..\\SOLGUI\\Font\\Font4x6_ASCII.c        0x00000000   Number         0  font4x6_ascii.o ABSOLUTE
    ..\\SOLGUI\\Font\\Font6x8_ASCII.c        0x00000000   Number         0  font6x8_ascii.o ABSOLUTE
    ..\\SOLGUI\\Font\\Font8x10_ASCII.c       0x00000000   Number         0  font8x10_ascii.o ABSOLUTE
    ..\\SOLGUI\\Font\\Font8x8_ASCII.c        0x00000000   Number         0  font8x8_ascii.o ABSOLUTE
    ..\\SOLGUI\\SOLGUI_Common.c              0x00000000   Number         0  solgui_common.o ABSOLUTE
    ..\\SOLGUI\\SOLGUI_GBasic.c              0x00000000   Number         0  solgui_gbasic.o ABSOLUTE
    ..\\SOLGUI\\SOLGUI_Hardware.c            0x00000000   Number         0  solgui_hardware.o ABSOLUTE
    ..\\SOLGUI\\SOLGUI_Menu.c                0x00000000   Number         0  solgui_menu.o ABSOLUTE
    ..\\SOLGUI\\SOLGUI_Picture.c             0x00000000   Number         0  solgui_picture.o ABSOLUTE
    ..\\SOLGUI\\SOLGUI_Printf.c              0x00000000   Number         0  solgui_printf.o ABSOLUTE
    ..\\SOLGUI\\SOLGUI_Widget.c              0x00000000   Number         0  solgui_widget.o ABSOLUTE
    ..\\Src\\delay.c                         0x00000000   Number         0  delay.o ABSOLUTE
    ..\\Src\\esp8266.c                       0x00000000   Number         0  esp8266.o ABSOLUTE
    ..\\Src\\iic.c                           0x00000000   Number         0  iic.o ABSOLUTE
    ..\\Src\\key.c                           0x00000000   Number         0  key.o ABSOLUTE
    ..\\Src\\oled.c                          0x00000000   Number         0  oled.o ABSOLUTE
    cdcmple.s                                0x00000000   Number         0  cdcmple.o ABSOLUTE
    cdrcmple.s                               0x00000000   Number         0  cdrcmple.o ABSOLUTE
    dc.s                                     0x00000000   Number         0  dc.o ABSOLUTE
    handlers.s                               0x00000000   Number         0  handlers.o ABSOLUTE
    init.s                                   0x00000000   Number         0  init.o ABSOLUTE
    startup_stm32f103xe.s                    0x00000000   Number         0  startup_stm32f103xe.o ABSOLUTE
    RESET                                    0x08000000   Section      304  startup_stm32f103xe.o(RESET)
    .ARM.Collect$$$$00000000                 0x08000130   Section        0  entry.o(.ARM.Collect$$$$00000000)
    .ARM.Collect$$$$00000001                 0x08000130   Section        4  entry2.o(.ARM.Collect$$$$00000001)
    .ARM.Collect$$$$00000004                 0x08000134   Section        4  entry5.o(.ARM.Collect$$$$00000004)
    .ARM.Collect$$$$00000008                 0x08000138   Section        0  entry7b.o(.ARM.Collect$$$$00000008)
    .ARM.Collect$$$$0000000A                 0x08000138   Section        0  entry8b.o(.ARM.Collect$$$$0000000A)
    .ARM.Collect$$$$0000000B                 0x08000138   Section        8  entry9a.o(.ARM.Collect$$$$0000000B)
    .ARM.Collect$$$$0000000D                 0x08000140   Section        0  entry10a.o(.ARM.Collect$$$$0000000D)
    .ARM.Collect$$$$0000000F                 0x08000140   Section        0  entry11a.o(.ARM.Collect$$$$0000000F)
    .ARM.Collect$$$$00002712                 0x08000140   Section        4  entry2.o(.ARM.Collect$$$$00002712)
    __lit__00000000                          0x08000140   Data           4  entry2.o(.ARM.Collect$$$$00002712)
    .text                                    0x08000144   Section       36  startup_stm32f103xe.o(.text)
    .text                                    0x08000168   Section        0  llushr.o(.text)
    .text                                    0x08000188   Section        0  memseta.o(.text)
    .text                                    0x080001ac   Section        0  strstr.o(.text)
    .text                                    0x080001d0   Section        0  strlen.o(.text)
    .text                                    0x080001de   Section        0  fmul.o(.text)
    .text                                    0x08000242   Section        0  fscalb.o(.text)
    .text                                    0x0800025a   Section        0  dadd.o(.text)
    .text                                    0x080003a8   Section        0  dmul.o(.text)
    .text                                    0x0800048c   Section        0  ddiv.o(.text)
    .text                                    0x0800056a   Section        0  fflti.o(.text)
    .text                                    0x0800057c   Section        0  dflti.o(.text)
    .text                                    0x0800059e   Section        0  dfltui.o(.text)
    .text                                    0x080005b8   Section        0  ffixui.o(.text)
    .text                                    0x080005e0   Section        0  dfixi.o(.text)
    .text                                    0x0800061e   Section        0  dfixui.o(.text)
    .text                                    0x08000650   Section       48  cdcmple.o(.text)
    .text                                    0x08000680   Section       48  cdrcmple.o(.text)
    .text                                    0x080006b0   Section        0  uidiv.o(.text)
    .text                                    0x080006dc   Section        0  uldiv.o(.text)
    .text                                    0x0800073e   Section        0  llshl.o(.text)
    .text                                    0x0800075c   Section        0  llsshr.o(.text)
    .text                                    0x08000780   Section        0  fepilogue.o(.text)
    .text                                    0x08000780   Section        0  iusefp.o(.text)
    .text                                    0x080007ee   Section        0  depilogue.o(.text)
    .text                                    0x080008a8   Section        0  dfixul.o(.text)
    .text                                    0x080008d8   Section       36  init.o(.text)
    .text                                    0x080008fc   Section        0  __dczerorl2.o(.text)
    i.ADC_ConversionStop_Disable             0x08000954   Section        0  stm32f1xx_hal_adc.o(i.ADC_ConversionStop_Disable)
    i.ADC_Enable                             0x080009ac   Section        0  stm32f1xx_hal_adc.o(i.ADC_Enable)
    i.BusFault_Handler                       0x08000a28   Section        0  stm32f1xx_it.o(i.BusFault_Handler)
    i.DebugMon_Handler                       0x08000a2a   Section        0  stm32f1xx_it.o(i.DebugMon_Handler)
    i.Error_Handler                          0x08000a2c   Section        0  main.o(i.Error_Handler)
    i.FIFO_DeQueue                           0x08000a30   Section        0  solgui_menu.o(i.FIFO_DeQueue)
    i.FIFO_EnQueue                           0x08000a54   Section        0  solgui_menu.o(i.FIFO_EnQueue)
    i.FIFO_Init                              0x08000a70   Section        0  solgui_menu.o(i.FIFO_Init)
    i.HAL_ADC_ConfigChannel                  0x08000a84   Section        0  stm32f1xx_hal_adc.o(i.HAL_ADC_ConfigChannel)
    i.HAL_ADC_GetValue                       0x08000b80   Section        0  stm32f1xx_hal_adc.o(i.HAL_ADC_GetValue)
    i.HAL_ADC_Init                           0x08000b88   Section        0  stm32f1xx_hal_adc.o(i.HAL_ADC_Init)
    i.HAL_ADC_MspInit                        0x08000cac   Section        0  adc.o(i.HAL_ADC_MspInit)
    i.HAL_ADC_PollForConversion              0x08000d04   Section        0  stm32f1xx_hal_adc.o(i.HAL_ADC_PollForConversion)
    i.HAL_ADC_Start                          0x08000e40   Section        0  stm32f1xx_hal_adc.o(i.HAL_ADC_Start)
    i.HAL_DMA_Abort                          0x08000f00   Section        0  stm32f1xx_hal_dma.o(i.HAL_DMA_Abort)
    i.HAL_DMA_Abort_IT                       0x08000f48   Section        0  stm32f1xx_hal_dma.o(i.HAL_DMA_Abort_IT)
    i.HAL_GPIO_Init                          0x08001078   Section        0  stm32f1xx_hal_gpio.o(i.HAL_GPIO_Init)
    i.HAL_GPIO_ReadPin                       0x08001270   Section        0  stm32f1xx_hal_gpio.o(i.HAL_GPIO_ReadPin)
    i.HAL_GPIO_WritePin                      0x0800127a   Section        0  stm32f1xx_hal_gpio.o(i.HAL_GPIO_WritePin)
    i.HAL_GetTick                            0x08001284   Section        0  stm32f1xx_hal.o(i.HAL_GetTick)
    i.HAL_IncTick                            0x08001290   Section        0  stm32f1xx_hal.o(i.HAL_IncTick)
    i.HAL_Init                               0x080012a0   Section        0  stm32f1xx_hal.o(i.HAL_Init)
    i.HAL_InitTick                           0x080012c4   Section        0  stm32f1xx_hal.o(i.HAL_InitTick)
    i.HAL_MspInit                            0x08001304   Section        0  stm32f1xx_hal_msp.o(i.HAL_MspInit)
    i.HAL_NVIC_EnableIRQ                     0x08001348   Section        0  stm32f1xx_hal_cortex.o(i.HAL_NVIC_EnableIRQ)
    i.HAL_NVIC_SetPriority                   0x08001364   Section        0  stm32f1xx_hal_cortex.o(i.HAL_NVIC_SetPriority)
    i.HAL_NVIC_SetPriorityGrouping           0x080013a4   Section        0  stm32f1xx_hal_cortex.o(i.HAL_NVIC_SetPriorityGrouping)
    i.HAL_RCCEx_GetPeriphCLKFreq             0x080013c8   Section        0  stm32f1xx_hal_rcc_ex.o(i.HAL_RCCEx_GetPeriphCLKFreq)
    i.HAL_RCCEx_PeriphCLKConfig              0x0800149c   Section        0  stm32f1xx_hal_rcc_ex.o(i.HAL_RCCEx_PeriphCLKConfig)
    i.HAL_RCC_ClockConfig                    0x08001588   Section        0  stm32f1xx_hal_rcc.o(i.HAL_RCC_ClockConfig)
    i.HAL_RCC_GetPCLK1Freq                   0x080016b4   Section        0  stm32f1xx_hal_rcc.o(i.HAL_RCC_GetPCLK1Freq)
    i.HAL_RCC_GetPCLK2Freq                   0x080016d4   Section        0  stm32f1xx_hal_rcc.o(i.HAL_RCC_GetPCLK2Freq)
    i.HAL_RCC_GetSysClockFreq                0x080016f4   Section        0  stm32f1xx_hal_rcc.o(i.HAL_RCC_GetSysClockFreq)
    i.HAL_RCC_OscConfig                      0x08001760   Section        0  stm32f1xx_hal_rcc.o(i.HAL_RCC_OscConfig)
    i.HAL_SYSTICK_Config                     0x08001a80   Section        0  stm32f1xx_hal_cortex.o(i.HAL_SYSTICK_Config)
    i.HAL_TIMEx_BreakCallback                0x08001aa8   Section        0  stm32f1xx_hal_tim_ex.o(i.HAL_TIMEx_BreakCallback)
    i.HAL_TIMEx_CommutCallback               0x08001aaa   Section        0  stm32f1xx_hal_tim_ex.o(i.HAL_TIMEx_CommutCallback)
    i.HAL_TIMEx_MasterConfigSynchronization  0x08001aac   Section        0  stm32f1xx_hal_tim_ex.o(i.HAL_TIMEx_MasterConfigSynchronization)
    i.HAL_TIM_Base_Init                      0x08001b28   Section        0  stm32f1xx_hal_tim.o(i.HAL_TIM_Base_Init)
    i.HAL_TIM_Base_MspInit                   0x08001b84   Section        0  tim.o(i.HAL_TIM_Base_MspInit)
    i.HAL_TIM_Base_Start_IT                  0x08001bf0   Section        0  stm32f1xx_hal_tim.o(i.HAL_TIM_Base_Start_IT)
    i.HAL_TIM_IC_CaptureCallback             0x08001c5c   Section        0  stm32f1xx_hal_tim.o(i.HAL_TIM_IC_CaptureCallback)
    i.HAL_TIM_IRQHandler                     0x08001c5e   Section        0  stm32f1xx_hal_tim.o(i.HAL_TIM_IRQHandler)
    i.HAL_TIM_OC_DelayElapsedCallback        0x08001dc4   Section        0  stm32f1xx_hal_tim.o(i.HAL_TIM_OC_DelayElapsedCallback)
    i.HAL_TIM_PWM_PulseFinishedCallback      0x08001dc6   Section        0  stm32f1xx_hal_tim.o(i.HAL_TIM_PWM_PulseFinishedCallback)
    i.HAL_TIM_PeriodElapsedCallback          0x08001dc8   Section        0  tim.o(i.HAL_TIM_PeriodElapsedCallback)
    i.HAL_TIM_TriggerCallback                0x08001e1c   Section        0  stm32f1xx_hal_tim.o(i.HAL_TIM_TriggerCallback)
    i.HAL_UARTEx_RxEventCallback             0x08001e1e   Section        0  stm32f1xx_hal_uart.o(i.HAL_UARTEx_RxEventCallback)
    i.HAL_UART_ErrorCallback                 0x08001e20   Section        0  stm32f1xx_hal_uart.o(i.HAL_UART_ErrorCallback)
    i.HAL_UART_IRQHandler                    0x08001e24   Section        0  stm32f1xx_hal_uart.o(i.HAL_UART_IRQHandler)
    i.HAL_UART_Init                          0x08002030   Section        0  stm32f1xx_hal_uart.o(i.HAL_UART_Init)
    i.HAL_UART_MspInit                       0x08002094   Section        0  usart.o(i.HAL_UART_MspInit)
    i.HAL_UART_RxCpltCallback                0x08002120   Section        0  usart.o(i.HAL_UART_RxCpltCallback)
    i.HAL_UART_TxCpltCallback                0x08002122   Section        0  stm32f1xx_hal_uart.o(i.HAL_UART_TxCpltCallback)
    i.HardFault_Handler                      0x08002124   Section        0  stm32f1xx_it.o(i.HardFault_Handler)
    i.KEY_Scan                               0x08002128   Section        0  key.o(i.KEY_Scan)
    i.MX_ADC1_Init                           0x080021e0   Section        0  adc.o(i.MX_ADC1_Init)
    i.MX_GPIO_Init                           0x08002230   Section        0  gpio.o(i.MX_GPIO_Init)
    i.MX_TIM6_Init                           0x080022cc   Section        0  tim.o(i.MX_TIM6_Init)
    i.MX_TIM7_Init                           0x08002318   Section        0  tim.o(i.MX_TIM7_Init)
    i.MX_USART1_UART_Init                    0x08002364   Section        0  usart.o(i.MX_USART1_UART_Init)
    i.MemManage_Handler                      0x0800239c   Section        0  stm32f1xx_it.o(i.MemManage_Handler)
    i.NMI_Handler                            0x0800239e   Section        0  stm32f1xx_it.o(i.NMI_Handler)
    i.PendSV_Handler                         0x080023a0   Section        0  stm32f1xx_it.o(i.PendSV_Handler)
    i.SOLGUI_Clean                           0x080023a4   Section        0  solgui_common.o(i.SOLGUI_Clean)
    i.SOLGUI_Cursor                          0x080023b4   Section        0  solgui_widget.o(i.SOLGUI_Cursor)
    i.SOLGUI_DrawPoint                       0x08002558   Section        0  solgui_common.o(i.SOLGUI_DrawPoint)
    i.SOLGUI_GBasic_Line                     0x08002594   Section        0  solgui_gbasic.o(i.SOLGUI_GBasic_Line)
    i.SOLGUI_GBasic_Rectangle                0x08002660   Section        0  solgui_gbasic.o(i.SOLGUI_GBasic_Rectangle)
    i.SOLGUI_GetCurrentKey                   0x080026fc   Section        0  solgui_menu.o(i.SOLGUI_GetCurrentKey)
    i.SOLGUI_Hardware_FillScreen             0x08002708   Section        0  solgui_hardware.o(i.SOLGUI_Hardware_FillScreen)
    i.SOLGUI_Hardware_Init                   0x0800270c   Section        0  solgui_hardware.o(i.SOLGUI_Hardware_Init)
    i.SOLGUI_Init                            0x08002710   Section        0  solgui_common.o(i.SOLGUI_Init)
    i.SOLGUI_InputKey                        0x08002730   Section        0  solgui_menu.o(i.SOLGUI_InputKey)
    i.SOLGUI_Menu_PageStage                  0x08002734   Section        0  solgui_menu.o(i.SOLGUI_Menu_PageStage)
    i.SOLGUI_Menu_SetHomePage                0x08002774   Section        0  solgui_menu.o(i.SOLGUI_Menu_SetHomePage)
    i.SOLGUI_Menu_Title                      0x08002780   Section        0  solgui_menu.o(i.SOLGUI_Menu_Title)
    i.SOLGUI_PutChar                         0x080027fc   Section        0  solgui_printf.o(i.SOLGUI_PutChar)
    i.SOLGUI_PutString                       0x08002880   Section        0  solgui_printf.o(i.SOLGUI_PutString)
    i.SOLGUI_Refresh                         0x080028b8   Section        0  solgui_common.o(i.SOLGUI_Refresh)
    i.SOLGUI_SwitchFont                      0x080028cc   Section        0  solgui_printf.o(i.SOLGUI_SwitchFont)
    i.SOLGUI_Widget_GotoPage                 0x080028dc   Section        0  solgui_widget.o(i.SOLGUI_Widget_GotoPage)
    i.SOLGUI_Widget_Switch                   0x08002974   Section        0  solgui_widget.o(i.SOLGUI_Widget_Switch)
    i.SOLGUI_printf                          0x08002a24   Section        0  solgui_printf.o(i.SOLGUI_printf)
    i.SVC_Handler                            0x08002a38   Section        0  stm32f1xx_it.o(i.SVC_Handler)
    i.SysTick_Handler                        0x08002a3a   Section        0  stm32f1xx_it.o(i.SysTick_Handler)
    i.SystemClock_Config                     0x08002a3e   Section        0  main.o(i.SystemClock_Config)
    i.SystemInit                             0x08002ab8   Section        0  system_stm32f1xx.o(i.SystemInit)
    i.TIM6_IRQHandler                        0x08002abc   Section        0  stm32f1xx_it.o(i.TIM6_IRQHandler)
    i.TIM7_IRQHandler                        0x08002ac8   Section        0  stm32f1xx_it.o(i.TIM7_IRQHandler)
    i.TIM_Base_SetConfig                     0x08002ad4   Section        0  stm32f1xx_hal_tim.o(i.TIM_Base_SetConfig)
    i.UART_DMAAbortOnError                   0x08002b60   Section        0  stm32f1xx_hal_uart.o(i.UART_DMAAbortOnError)
    UART_DMAAbortOnError                     0x08002b61   Thumb Code    16  stm32f1xx_hal_uart.o(i.UART_DMAAbortOnError)
    i.UART_EndRxTransfer                     0x08002b70   Section        0  stm32f1xx_hal_uart.o(i.UART_EndRxTransfer)
    UART_EndRxTransfer                       0x08002b71   Thumb Code    48  stm32f1xx_hal_uart.o(i.UART_EndRxTransfer)
    i.UART_Receive_IT                        0x08002ba0   Section        0  stm32f1xx_hal_uart.o(i.UART_Receive_IT)
    UART_Receive_IT                          0x08002ba1   Thumb Code   182  stm32f1xx_hal_uart.o(i.UART_Receive_IT)
    i.UART_SetConfig                         0x08002c58   Section        0  stm32f1xx_hal_uart.o(i.UART_SetConfig)
    UART_SetConfig                           0x08002c59   Thumb Code   178  stm32f1xx_hal_uart.o(i.UART_SetConfig)
    i.USART1_IRQHandler                      0x08002d10   Section        0  stm32f1xx_it.o(i.USART1_IRQHandler)
    i.UsageFault_Handler                     0x08002d78   Section        0  stm32f1xx_it.o(i.UsageFault_Handler)
    i._LineModes                             0x08002d7a   Section        0  solgui_gbasic.o(i._LineModes)
    i._OptionsDisplay_Judge                  0x08002da8   Section        0  solgui_widget.o(i._OptionsDisplay_Judge)
    i._OptionsDisplay_coorY                  0x08002dc4   Section        0  solgui_widget.o(i._OptionsDisplay_coorY)
    i.__0vsprintf                            0x08002dd8   Section        0  printfa.o(i.__0vsprintf)
    i.__NVIC_SetPriority                     0x08002dfc   Section        0  stm32f1xx_hal_cortex.o(i.__NVIC_SetPriority)
    __NVIC_SetPriority                       0x08002dfd   Thumb Code    32  stm32f1xx_hal_cortex.o(i.__NVIC_SetPriority)
    i.__SOLGUI_printf                        0x08002e1c   Section        0  solgui_printf.o(i.__SOLGUI_printf)
    i.__scatterload_copy                     0x080031aa   Section       14  handlers.o(i.__scatterload_copy)
    i.__scatterload_null                     0x080031b8   Section        2  handlers.o(i.__scatterload_null)
    i.__scatterload_zeroinit                 0x080031ba   Section       14  handlers.o(i.__scatterload_zeroinit)
    i._fp_digits                             0x080031c8   Section        0  printfa.o(i._fp_digits)
    _fp_digits                               0x080031c9   Thumb Code   334  printfa.o(i._fp_digits)
    i._printf_core                           0x0800332c   Section        0  printfa.o(i._printf_core)
    _printf_core                             0x0800332d   Thumb Code  1744  printfa.o(i._printf_core)
    i._printf_post_padding                   0x08003a08   Section        0  printfa.o(i._printf_post_padding)
    _printf_post_padding                     0x08003a09   Thumb Code    36  printfa.o(i._printf_post_padding)
    i._printf_pre_padding                    0x08003a2c   Section        0  printfa.o(i._printf_pre_padding)
    _printf_pre_padding                      0x08003a2d   Thumb Code    46  printfa.o(i._printf_pre_padding)
    i._senddata                              0x08003a5c   Section        0  main.o(i._senddata)
    i._sputc                                 0x08003a90   Section        0  printfa.o(i._sputc)
    _sputc                                   0x08003a91   Thumb Code    10  printfa.o(i._sputc)
    i._tcp_conn                              0x08003a9c   Section        0  main.o(i._tcp_conn)
    i._wifi_conn                             0x08003ad4   Section        0  main.o(i._wifi_conn)
    i._wifi_init                             0x08003b0c   Section        0  main.o(i._wifi_init)
    i._wifi_list                             0x08003b40   Section        0  main.o(i._wifi_list)
    i.atk_8266_check_cmd                     0x08003b7c   Section        0  esp8266.o(i.atk_8266_check_cmd)
    i.atk_8266_quit_trans                    0x08003ba8   Section        0  esp8266.o(i.atk_8266_quit_trans)
    i.delay_ms                               0x08003be4   Section        0  delay.o(i.delay_ms)
    i.delay_us                               0x08003bfe   Section        0  delay.o(i.delay_us)
    i.esp8266_init                           0x08003c2c   Section        0  esp8266.o(i.esp8266_init)
    i.esp8266_send_cmd                       0x08003cb0   Section        0  esp8266.o(i.esp8266_send_cmd)
    i.esp8266_send_data                      0x08003d00   Section        0  esp8266.o(i.esp8266_send_data)
    i.esp_connectjudge                       0x08003d10   Section        0  esp8266.o(i.esp_connectjudge)
    i.esp_initjudge                          0x08003dac   Section        0  esp8266.o(i.esp_initjudge)
    i.esp_senddatajudge                      0x08003dd8   Section        0  esp8266.o(i.esp_senddatajudge)
    i.esp_tcpjudge                           0x08003e68   Section        0  esp8266.o(i.esp_tcpjudge)
    i.get_adc                                0x08003eec   Section        0  adc.o(i.get_adc)
    i.get_adc_average                        0x08003f0c   Section        0  adc.o(i.get_adc_average)
    i.get_pressure_data                      0x08003f34   Section        0  adc.o(i.get_pressure_data)
    i.iic_ack                                0x08003f8c   Section        0  iic.o(i.iic_ack)
    i.iic_init                               0x08003fcc   Section        0  iic.o(i.iic_init)
    i.iic_start                              0x08003fe0   Section        0  iic.o(i.iic_start)
    i.iic_stop                               0x08004020   Section        0  iic.o(i.iic_stop)
    i.iic_write_byte                         0x08004064   Section        0  iic.o(i.iic_write_byte)
    i.main                                   0x080040c4   Section        0  main.o(i.main)
    i.oled_clear                             0x08004124   Section        0  oled.o(i.oled_clear)
    i.oled_init                              0x08004154   Section        0  oled.o(i.oled_init)
    i.oled_refreshram                        0x08004210   Section        0  oled.o(i.oled_refreshram)
    i.systick_delayinit                      0x0800424c   Section        0  delay.o(i.systick_delayinit)
    i.uart1printf                            0x08004268   Section        0  usart.o(i.uart1printf)
    i.writecmd                               0x080042a8   Section        0  oled.o(i.writecmd)
    i.writedata                              0x080042d6   Section        0  oled.o(i.writedata)
    .constdata                               0x08004304   Section       16  system_stm32f1xx.o(.constdata)
    .constdata                               0x08004314   Section        8  system_stm32f1xx.o(.constdata)
    .constdata                               0x0800431c   Section       27  solgui_widget.o(.constdata)
    .constdata                               0x08004337   Section       27  solgui_widget.o(.constdata)
    .constdata                               0x08004352   Section       29  solgui_widget.o(.constdata)
    .constdata                               0x0800436f   Section       15  solgui_widget.o(.constdata)
    .constdata                               0x0800437e   Section        3  solgui_widget.o(.constdata)
    .constdata                               0x08004381   Section      848  font6x8_ascii.o(.constdata)
    .conststring                             0x080046d4   Section       58  main.o(.conststring)
    .conststring                             0x08004710   Section        6  solgui_widget.o(.conststring)
    .conststring                             0x08004718   Section        6  solgui_widget.o(.conststring)
    .conststring                             0x08004720   Section        7  solgui_widget.o(.conststring)
    .conststring                             0x08004728   Section        7  solgui_widget.o(.conststring)
    .conststring                             0x08004730   Section        5  solgui_widget.o(.conststring)
    .data                                    0x20000000   Section        1  key.o(.data)
    key_up                                   0x20000000   Data           1  key.o(.data)
    .data                                    0x20000002   Section        6  esp8266.o(.data)
    flag                                     0x20000002   Data           1  esp8266.o(.data)
    flag                                     0x20000003   Data           1  esp8266.o(.data)
    flag                                     0x20000004   Data           1  esp8266.o(.data)
    flag                                     0x20000005   Data           1  esp8266.o(.data)
    .data                                    0x20000008   Section       68  main.o(.data)
    .data                                    0x2000004c   Section       13  adc.o(.data)
    .data                                    0x20000060   Section      800  usart.o(.data)
    .data                                    0x20000380   Section       12  stm32f1xx_hal.o(.data)
    .data                                    0x2000038c   Section        4  system_stm32f1xx.o(.data)
    .data                                    0x20000390   Section       15  solgui_menu.o(.data)
    .data                                    0x200003a0   Section        8  solgui_printf.o(.data)
    .data                                    0x200003a8   Section       16  solgui_widget.o(.data)
    .data                                    0x200003b8   Section       16  solgui_widget.o(.data)
    .data                                    0x200003c8   Section       16  solgui_widget.o(.data)
    .data                                    0x200003d8   Section       16  solgui_widget.o(.data)
    .data                                    0x200003e8   Section       16  solgui_widget.o(.data)
    .data                                    0x200003f8   Section       24  solgui_widget.o(.data)
    .data                                    0x20000410   Section       16  solgui_widget.o(.data)
    spin_pos                                 0x20000410   Data           1  solgui_widget.o(.data)
    edit_cursor_row                          0x20000412   Data           2  solgui_widget.o(.data)
    edit_cursor_col                          0x20000414   Data           2  solgui_widget.o(.data)
    .bss                                     0x20000420   Section     1024  oled.o(.bss)
    .bss                                     0x20000820   Section       48  adc.o(.bss)
    .bss                                     0x20000850   Section      144  tim.o(.bss)
    .bss                                     0x200008e0   Section       68  usart.o(.bss)
    .bss                                     0x20000924   Section      800  usart.o(.bss)
    .bss                                     0x20000c44   Section       12  solgui_widget.o(.bss)
    .bss                                     0x20000c50   Section       57  solgui_widget.o(.bss)
    edit_buf                                 0x20000c50   Data          41  solgui_widget.o(.bss)
    .bss                                     0x20000c89   Section     1024  solgui_common.o(.bss)
    STACK                                    0x20001090   Section     1024  startup_stm32f103xe.o(STACK)

    Global Symbols

    Symbol Name                              Value     Ov Type        Size  Object(Section)

    BuildAttributes$$THM_ISAv4$P$D$K$B$S$PE$A:L22UL41UL21$X:L11$S22US41US21$IEEE1$IW$USESV6$~STKCKD$USESV7$~SHL$OTIME$ROPI$EBA8$MICROLIB$REQ8$PRES8$EABIv2 0x00000000   Number         0  anon$$obj.o ABSOLUTE
    __ARM_use_no_argv                        0x00000000   Number         0  main.o ABSOLUTE
    __cpp_initialize__aeabi_                  - Undefined Weak Reference
    __cxa_finalize                            - Undefined Weak Reference
    _clock_init                               - Undefined Weak Reference
    _microlib_exit                            - Undefined Weak Reference
    __Vectors_Size                           0x00000130   Number         0  startup_stm32f103xe.o ABSOLUTE
    __Vectors                                0x08000000   Data           4  startup_stm32f103xe.o(RESET)
    __Vectors_End                            0x08000130   Data           0  startup_stm32f103xe.o(RESET)
    __main                                   0x08000131   Thumb Code     0  entry.o(.ARM.Collect$$$$00000000)
    _main_stk                                0x08000131   Thumb Code     0  entry2.o(.ARM.Collect$$$$00000001)
    _main_scatterload                        0x08000135   Thumb Code     0  entry5.o(.ARM.Collect$$$$00000004)
    __main_after_scatterload                 0x08000139   Thumb Code     0  entry5.o(.ARM.Collect$$$$00000004)
    _main_clock                              0x08000139   Thumb Code     0  entry7b.o(.ARM.Collect$$$$00000008)
    _main_cpp_init                           0x08000139   Thumb Code     0  entry8b.o(.ARM.Collect$$$$0000000A)
    _main_init                               0x08000139   Thumb Code     0  entry9a.o(.ARM.Collect$$$$0000000B)
    __rt_final_cpp                           0x08000141   Thumb Code     0  entry10a.o(.ARM.Collect$$$$0000000D)
    __rt_final_exit                          0x08000141   Thumb Code     0  entry11a.o(.ARM.Collect$$$$0000000F)
    Reset_Handler                            0x08000145   Thumb Code     8  startup_stm32f103xe.o(.text)
    ADC1_2_IRQHandler                        0x0800015f   Thumb Code     0  startup_stm32f103xe.o(.text)
    ADC3_IRQHandler                          0x0800015f   Thumb Code     0  startup_stm32f103xe.o(.text)
    CAN1_RX1_IRQHandler                      0x0800015f   Thumb Code     0  startup_stm32f103xe.o(.text)
    CAN1_SCE_IRQHandler                      0x0800015f   Thumb Code     0  startup_stm32f103xe.o(.text)
    DMA1_Channel1_IRQHandler                 0x0800015f   Thumb Code     0  startup_stm32f103xe.o(.text)
    DMA1_Channel2_IRQHandler                 0x0800015f   Thumb Code     0  startup_stm32f103xe.o(.text)
    DMA1_Channel3_IRQHandler                 0x0800015f   Thumb Code     0  startup_stm32f103xe.o(.text)
    DMA1_Channel4_IRQHandler                 0x0800015f   Thumb Code     0  startup_stm32f103xe.o(.text)
    DMA1_Channel5_IRQHandler                 0x0800015f   Thumb Code     0  startup_stm32f103xe.o(.text)
    DMA1_Channel6_IRQHandler                 0x0800015f   Thumb Code     0  startup_stm32f103xe.o(.text)
    DMA1_Channel7_IRQHandler                 0x0800015f   Thumb Code     0  startup_stm32f103xe.o(.text)
    DMA2_Channel1_IRQHandler                 0x0800015f   Thumb Code     0  startup_stm32f103xe.o(.text)
    DMA2_Channel2_IRQHandler                 0x0800015f   Thumb Code     0  startup_stm32f103xe.o(.text)
    DMA2_Channel3_IRQHandler                 0x0800015f   Thumb Code     0  startup_stm32f103xe.o(.text)
    DMA2_Channel4_5_IRQHandler               0x0800015f   Thumb Code     0  startup_stm32f103xe.o(.text)
    EXTI0_IRQHandler                         0x0800015f   Thumb Code     0  startup_stm32f103xe.o(.text)
    EXTI15_10_IRQHandler                     0x0800015f   Thumb Code     0  startup_stm32f103xe.o(.text)
    EXTI1_IRQHandler                         0x0800015f   Thumb Code     0  startup_stm32f103xe.o(.text)
    EXTI2_IRQHandler                         0x0800015f   Thumb Code     0  startup_stm32f103xe.o(.text)
    EXTI3_IRQHandler                         0x0800015f   Thumb Code     0  startup_stm32f103xe.o(.text)
    EXTI4_IRQHandler                         0x0800015f   Thumb Code     0  startup_stm32f103xe.o(.text)
    EXTI9_5_IRQHandler                       0x0800015f   Thumb Code     0  startup_stm32f103xe.o(.text)
    FLASH_IRQHandler                         0x0800015f   Thumb Code     0  startup_stm32f103xe.o(.text)
    FSMC_IRQHandler                          0x0800015f   Thumb Code     0  startup_stm32f103xe.o(.text)
    I2C1_ER_IRQHandler                       0x0800015f   Thumb Code     0  startup_stm32f103xe.o(.text)
    I2C1_EV_IRQHandler                       0x0800015f   Thumb Code     0  startup_stm32f103xe.o(.text)
    I2C2_ER_IRQHandler                       0x0800015f   Thumb Code     0  startup_stm32f103xe.o(.text)
    I2C2_EV_IRQHandler                       0x0800015f   Thumb Code     0  startup_stm32f103xe.o(.text)
    PVD_IRQHandler                           0x0800015f   Thumb Code     0  startup_stm32f103xe.o(.text)
    RCC_IRQHandler                           0x0800015f   Thumb Code     0  startup_stm32f103xe.o(.text)
    RTC_Alarm_IRQHandler                     0x0800015f   Thumb Code     0  startup_stm32f103xe.o(.text)
    RTC_IRQHandler                           0x0800015f   Thumb Code     0  startup_stm32f103xe.o(.text)
    SDIO_IRQHandler                          0x0800015f   Thumb Code     0  startup_stm32f103xe.o(.text)
    SPI1_IRQHandler                          0x0800015f   Thumb Code     0  startup_stm32f103xe.o(.text)
    SPI2_IRQHandler                          0x0800015f   Thumb Code     0  startup_stm32f103xe.o(.text)
    SPI3_IRQHandler                          0x0800015f   Thumb Code     0  startup_stm32f103xe.o(.text)
    TAMPER_IRQHandler                        0x0800015f   Thumb Code     0  startup_stm32f103xe.o(.text)
    TIM1_BRK_IRQHandler                      0x0800015f   Thumb Code     0  startup_stm32f103xe.o(.text)
    TIM1_CC_IRQHandler                       0x0800015f   Thumb Code     0  startup_stm32f103xe.o(.text)
    TIM1_TRG_COM_IRQHandler                  0x0800015f   Thumb Code     0  startup_stm32f103xe.o(.text)
    TIM1_UP_IRQHandler                       0x0800015f   Thumb Code     0  startup_stm32f103xe.o(.text)
    TIM2_IRQHandler                          0x0800015f   Thumb Code     0  startup_stm32f103xe.o(.text)
    TIM3_IRQHandler                          0x0800015f   Thumb Code     0  startup_stm32f103xe.o(.text)
    TIM4_IRQHandler                          0x0800015f   Thumb Code     0  startup_stm32f103xe.o(.text)
    TIM5_IRQHandler                          0x0800015f   Thumb Code     0  startup_stm32f103xe.o(.text)
    TIM8_BRK_IRQHandler                      0x0800015f   Thumb Code     0  startup_stm32f103xe.o(.text)
    TIM8_CC_IRQHandler                       0x0800015f   Thumb Code     0  startup_stm32f103xe.o(.text)
    TIM8_TRG_COM_IRQHandler                  0x0800015f   Thumb Code     0  startup_stm32f103xe.o(.text)
    TIM8_UP_IRQHandler                       0x0800015f   Thumb Code     0  startup_stm32f103xe.o(.text)
    UART4_IRQHandler                         0x0800015f   Thumb Code     0  startup_stm32f103xe.o(.text)
    UART5_IRQHandler                         0x0800015f   Thumb Code     0  startup_stm32f103xe.o(.text)
    USART2_IRQHandler                        0x0800015f   Thumb Code     0  startup_stm32f103xe.o(.text)
    USART3_IRQHandler                        0x0800015f   Thumb Code     0  startup_stm32f103xe.o(.text)
    USBWakeUp_IRQHandler                     0x0800015f   Thumb Code     0  startup_stm32f103xe.o(.text)
    USB_HP_CAN1_TX_IRQHandler                0x0800015f   Thumb Code     0  startup_stm32f103xe.o(.text)
    USB_LP_CAN1_RX0_IRQHandler               0x0800015f   Thumb Code     0  startup_stm32f103xe.o(.text)
    WWDG_IRQHandler                          0x0800015f   Thumb Code     0  startup_stm32f103xe.o(.text)
    __aeabi_llsr                             0x08000169   Thumb Code    32  llushr.o(.text)
    _ll_ushift_r                             0x08000169   Thumb Code     0  llushr.o(.text)
    __aeabi_memset                           0x08000189   Thumb Code    14  memseta.o(.text)
    __aeabi_memset4                          0x08000189   Thumb Code     0  memseta.o(.text)
    __aeabi_memset8                          0x08000189   Thumb Code     0  memseta.o(.text)
    __aeabi_memclr                           0x08000197   Thumb Code     4  memseta.o(.text)
    __aeabi_memclr4                          0x08000197   Thumb Code     0  memseta.o(.text)
    __aeabi_memclr8                          0x08000197   Thumb Code     0  memseta.o(.text)
    _memset$wrapper                          0x0800019b   Thumb Code    18  memseta.o(.text)
    strstr                                   0x080001ad   Thumb Code    36  strstr.o(.text)
    strlen                                   0x080001d1   Thumb Code    14  strlen.o(.text)
    __aeabi_fmul                             0x080001df   Thumb Code   100  fmul.o(.text)
    __ARM_scalbnf                            0x08000243   Thumb Code    24  fscalb.o(.text)
    scalbnf                                  0x08000243   Thumb Code     0  fscalb.o(.text)
    __aeabi_dadd                             0x0800025b   Thumb Code   322  dadd.o(.text)
    __aeabi_dsub                             0x0800039d   Thumb Code     6  dadd.o(.text)
    __aeabi_drsub                            0x080003a3   Thumb Code     6  dadd.o(.text)
    __aeabi_dmul                             0x080003a9   Thumb Code   228  dmul.o(.text)
    __aeabi_ddiv                             0x0800048d   Thumb Code   222  ddiv.o(.text)
    __aeabi_i2f                              0x0800056b   Thumb Code    18  fflti.o(.text)
    __aeabi_i2d                              0x0800057d   Thumb Code    34  dflti.o(.text)
    __aeabi_ui2d                             0x0800059f   Thumb Code    26  dfltui.o(.text)
    __aeabi_f2uiz                            0x080005b9   Thumb Code    40  ffixui.o(.text)
    __aeabi_d2iz                             0x080005e1   Thumb Code    62  dfixi.o(.text)
    __aeabi_d2uiz                            0x0800061f   Thumb Code    50  dfixui.o(.text)
    __aeabi_cdcmpeq                          0x08000651   Thumb Code     0  cdcmple.o(.text)
    __aeabi_cdcmple                          0x08000651   Thumb Code    48  cdcmple.o(.text)
    __aeabi_cdrcmple                         0x08000681   Thumb Code    48  cdrcmple.o(.text)
    __aeabi_uidiv                            0x080006b1   Thumb Code     0  uidiv.o(.text)
    __aeabi_uidivmod                         0x080006b1   Thumb Code    44  uidiv.o(.text)
    __aeabi_uldivmod                         0x080006dd   Thumb Code    98  uldiv.o(.text)
    __aeabi_llsl                             0x0800073f   Thumb Code    30  llshl.o(.text)
    _ll_shift_l                              0x0800073f   Thumb Code     0  llshl.o(.text)
    __aeabi_lasr                             0x0800075d   Thumb Code    36  llsshr.o(.text)
    _ll_sshift_r                             0x0800075d   Thumb Code     0  llsshr.o(.text)
    __I$use$fp                               0x08000781   Thumb Code     0  iusefp.o(.text)
    _float_round                             0x08000781   Thumb Code    18  fepilogue.o(.text)
    _float_epilogue                          0x08000793   Thumb Code    92  fepilogue.o(.text)
    _double_round                            0x080007ef   Thumb Code    30  depilogue.o(.text)
    _double_epilogue                         0x0800080d   Thumb Code   156  depilogue.o(.text)
    __aeabi_d2ulz                            0x080008a9   Thumb Code    48  dfixul.o(.text)
    __scatterload                            0x080008d9   Thumb Code    28  init.o(.text)
    __scatterload_rt2                        0x080008d9   Thumb Code     0  init.o(.text)
    __decompress                             0x080008fd   Thumb Code     0  __dczerorl2.o(.text)
    __decompress1                            0x080008fd   Thumb Code    86  __dczerorl2.o(.text)
    ADC_ConversionStop_Disable               0x08000955   Thumb Code    86  stm32f1xx_hal_adc.o(i.ADC_ConversionStop_Disable)
    ADC_Enable                               0x080009ad   Thumb Code   114  stm32f1xx_hal_adc.o(i.ADC_Enable)
    BusFault_Handler                         0x08000a29   Thumb Code     2  stm32f1xx_it.o(i.BusFault_Handler)
    DebugMon_Handler                         0x08000a2b   Thumb Code     2  stm32f1xx_it.o(i.DebugMon_Handler)
    Error_Handler                            0x08000a2d   Thumb Code     4  main.o(i.Error_Handler)
    FIFO_DeQueue                             0x08000a31   Thumb Code    32  solgui_menu.o(i.FIFO_DeQueue)
    FIFO_EnQueue                             0x08000a55   Thumb Code    24  solgui_menu.o(i.FIFO_EnQueue)
    FIFO_Init                                0x08000a71   Thumb Code    14  solgui_menu.o(i.FIFO_Init)
    HAL_ADC_ConfigChannel                    0x08000a85   Thumb Code   240  stm32f1xx_hal_adc.o(i.HAL_ADC_ConfigChannel)
    HAL_ADC_GetValue                         0x08000b81   Thumb Code     6  stm32f1xx_hal_adc.o(i.HAL_ADC_GetValue)
    HAL_ADC_Init                             0x08000b89   Thumb Code   276  stm32f1xx_hal_adc.o(i.HAL_ADC_Init)
    HAL_ADC_MspInit                          0x08000cad   Thumb Code    76  adc.o(i.HAL_ADC_MspInit)
    HAL_ADC_PollForConversion                0x08000d05   Thumb Code   304  stm32f1xx_hal_adc.o(i.HAL_ADC_PollForConversion)
    HAL_ADC_Start                            0x08000e41   Thumb Code   184  stm32f1xx_hal_adc.o(i.HAL_ADC_Start)
    HAL_DMA_Abort                            0x08000f01   Thumb Code    70  stm32f1xx_hal_dma.o(i.HAL_DMA_Abort)
    HAL_DMA_Abort_IT                         0x08000f49   Thumb Code   296  stm32f1xx_hal_dma.o(i.HAL_DMA_Abort_IT)
    HAL_GPIO_Init                            0x08001079   Thumb Code   462  stm32f1xx_hal_gpio.o(i.HAL_GPIO_Init)
    HAL_GPIO_ReadPin                         0x08001271   Thumb Code    10  stm32f1xx_hal_gpio.o(i.HAL_GPIO_ReadPin)
    HAL_GPIO_WritePin                        0x0800127b   Thumb Code    10  stm32f1xx_hal_gpio.o(i.HAL_GPIO_WritePin)
    HAL_GetTick                              0x08001285   Thumb Code     6  stm32f1xx_hal.o(i.HAL_GetTick)
    HAL_IncTick                              0x08001291   Thumb Code    12  stm32f1xx_hal.o(i.HAL_IncTick)
    HAL_Init                                 0x080012a1   Thumb Code    32  stm32f1xx_hal.o(i.HAL_Init)
    HAL_InitTick                             0x080012c5   Thumb Code    54  stm32f1xx_hal.o(i.HAL_InitTick)
    HAL_MspInit                              0x08001305   Thumb Code    58  stm32f1xx_hal_msp.o(i.HAL_MspInit)
    HAL_NVIC_EnableIRQ                       0x08001349   Thumb Code    26  stm32f1xx_hal_cortex.o(i.HAL_NVIC_EnableIRQ)
    HAL_NVIC_SetPriority                     0x08001365   Thumb Code    60  stm32f1xx_hal_cortex.o(i.HAL_NVIC_SetPriority)
    HAL_NVIC_SetPriorityGrouping             0x080013a5   Thumb Code    26  stm32f1xx_hal_cortex.o(i.HAL_NVIC_SetPriorityGrouping)
    HAL_RCCEx_GetPeriphCLKFreq               0x080013c9   Thumb Code   180  stm32f1xx_hal_rcc_ex.o(i.HAL_RCCEx_GetPeriphCLKFreq)
    HAL_RCCEx_PeriphCLKConfig                0x0800149d   Thumb Code   224  stm32f1xx_hal_rcc_ex.o(i.HAL_RCCEx_PeriphCLKConfig)
    HAL_RCC_ClockConfig                      0x08001589   Thumb Code   280  stm32f1xx_hal_rcc.o(i.HAL_RCC_ClockConfig)
    HAL_RCC_GetPCLK1Freq                     0x080016b5   Thumb Code    20  stm32f1xx_hal_rcc.o(i.HAL_RCC_GetPCLK1Freq)
    HAL_RCC_GetPCLK2Freq                     0x080016d5   Thumb Code    20  stm32f1xx_hal_rcc.o(i.HAL_RCC_GetPCLK2Freq)
    HAL_RCC_GetSysClockFreq                  0x080016f5   Thumb Code    74  stm32f1xx_hal_rcc.o(i.HAL_RCC_GetSysClockFreq)
    HAL_RCC_OscConfig                        0x08001761   Thumb Code   778  stm32f1xx_hal_rcc.o(i.HAL_RCC_OscConfig)
    HAL_SYSTICK_Config                       0x08001a81   Thumb Code    40  stm32f1xx_hal_cortex.o(i.HAL_SYSTICK_Config)
    HAL_TIMEx_BreakCallback                  0x08001aa9   Thumb Code     2  stm32f1xx_hal_tim_ex.o(i.HAL_TIMEx_BreakCallback)
    HAL_TIMEx_CommutCallback                 0x08001aab   Thumb Code     2  stm32f1xx_hal_tim_ex.o(i.HAL_TIMEx_CommutCallback)
    HAL_TIMEx_MasterConfigSynchronization    0x08001aad   Thumb Code   104  stm32f1xx_hal_tim_ex.o(i.HAL_TIMEx_MasterConfigSynchronization)
    HAL_TIM_Base_Init                        0x08001b29   Thumb Code    90  stm32f1xx_hal_tim.o(i.HAL_TIM_Base_Init)
    HAL_TIM_Base_MspInit                     0x08001b85   Thumb Code    94  tim.o(i.HAL_TIM_Base_MspInit)
    HAL_TIM_Base_Start_IT                    0x08001bf1   Thumb Code    88  stm32f1xx_hal_tim.o(i.HAL_TIM_Base_Start_IT)
    HAL_TIM_IC_CaptureCallback               0x08001c5d   Thumb Code     2  stm32f1xx_hal_tim.o(i.HAL_TIM_IC_CaptureCallback)
    HAL_TIM_IRQHandler                       0x08001c5f   Thumb Code   358  stm32f1xx_hal_tim.o(i.HAL_TIM_IRQHandler)
    HAL_TIM_OC_DelayElapsedCallback          0x08001dc5   Thumb Code     2  stm32f1xx_hal_tim.o(i.HAL_TIM_OC_DelayElapsedCallback)
    HAL_TIM_PWM_PulseFinishedCallback        0x08001dc7   Thumb Code     2  stm32f1xx_hal_tim.o(i.HAL_TIM_PWM_PulseFinishedCallback)
    HAL_TIM_PeriodElapsedCallback            0x08001dc9   Thumb Code    66  tim.o(i.HAL_TIM_PeriodElapsedCallback)
    HAL_TIM_TriggerCallback                  0x08001e1d   Thumb Code     2  stm32f1xx_hal_tim.o(i.HAL_TIM_TriggerCallback)
    HAL_UARTEx_RxEventCallback               0x08001e1f   Thumb Code     2  stm32f1xx_hal_uart.o(i.HAL_UARTEx_RxEventCallback)
    HAL_UART_ErrorCallback                   0x08001e21   Thumb Code     2  stm32f1xx_hal_uart.o(i.HAL_UART_ErrorCallback)
    HAL_UART_IRQHandler                      0x08001e25   Thumb Code   520  stm32f1xx_hal_uart.o(i.HAL_UART_IRQHandler)
    HAL_UART_Init                            0x08002031   Thumb Code    98  stm32f1xx_hal_uart.o(i.HAL_UART_Init)
    HAL_UART_MspInit                         0x08002095   Thumb Code   126  usart.o(i.HAL_UART_MspInit)
    HAL_UART_RxCpltCallback                  0x08002121   Thumb Code     2  usart.o(i.HAL_UART_RxCpltCallback)
    HAL_UART_TxCpltCallback                  0x08002123   Thumb Code     2  stm32f1xx_hal_uart.o(i.HAL_UART_TxCpltCallback)
    HardFault_Handler                        0x08002125   Thumb Code     2  stm32f1xx_it.o(i.HardFault_Handler)
    KEY_Scan                                 0x08002129   Thumb Code   176  key.o(i.KEY_Scan)
    MX_ADC1_Init                             0x080021e1   Thumb Code    70  adc.o(i.MX_ADC1_Init)
    MX_GPIO_Init                             0x08002231   Thumb Code   148  gpio.o(i.MX_GPIO_Init)
    MX_TIM6_Init                             0x080022cd   Thumb Code    68  tim.o(i.MX_TIM6_Init)
    MX_TIM7_Init                             0x08002319   Thumb Code    68  tim.o(i.MX_TIM7_Init)
    MX_USART1_UART_Init                      0x08002365   Thumb Code    48  usart.o(i.MX_USART1_UART_Init)
    MemManage_Handler                        0x0800239d   Thumb Code     2  stm32f1xx_it.o(i.MemManage_Handler)
    NMI_Handler                              0x0800239f   Thumb Code     2  stm32f1xx_it.o(i.NMI_Handler)
    PendSV_Handler                           0x080023a1   Thumb Code     2  stm32f1xx_it.o(i.PendSV_Handler)
    SOLGUI_Clean                             0x080023a5   Thumb Code    10  solgui_common.o(i.SOLGUI_Clean)
    SOLGUI_Cursor                            0x080023b5   Thumb Code   404  solgui_widget.o(i.SOLGUI_Cursor)
    SOLGUI_DrawPoint                         0x08002559   Thumb Code    54  solgui_common.o(i.SOLGUI_DrawPoint)
    SOLGUI_GBasic_Line                       0x08002595   Thumb Code   204  solgui_gbasic.o(i.SOLGUI_GBasic_Line)
    SOLGUI_GBasic_Rectangle                  0x08002661   Thumb Code   156  solgui_gbasic.o(i.SOLGUI_GBasic_Rectangle)
    SOLGUI_GetCurrentKey                     0x080026fd   Thumb Code     6  solgui_menu.o(i.SOLGUI_GetCurrentKey)
    SOLGUI_Hardware_FillScreen               0x08002709   Thumb Code     4  solgui_hardware.o(i.SOLGUI_Hardware_FillScreen)
    SOLGUI_Hardware_Init                     0x0800270d   Thumb Code     4  solgui_hardware.o(i.SOLGUI_Hardware_Init)
    SOLGUI_Init                              0x08002711   Thumb Code    28  solgui_common.o(i.SOLGUI_Init)
    SOLGUI_InputKey                          0x08002731   Thumb Code     4  solgui_menu.o(i.SOLGUI_InputKey)
    SOLGUI_Menu_PageStage                    0x08002735   Thumb Code    56  solgui_menu.o(i.SOLGUI_Menu_PageStage)
    SOLGUI_Menu_SetHomePage                  0x08002775   Thumb Code     8  solgui_menu.o(i.SOLGUI_Menu_SetHomePage)
    SOLGUI_Menu_Title                        0x08002781   Thumb Code   108  solgui_menu.o(i.SOLGUI_Menu_Title)
    SOLGUI_PutChar                           0x080027fd   Thumb Code   132  solgui_printf.o(i.SOLGUI_PutChar)
    SOLGUI_PutString                         0x08002881   Thumb Code    54  solgui_printf.o(i.SOLGUI_PutString)
    SOLGUI_Refresh                           0x080028b9   Thumb Code    16  solgui_common.o(i.SOLGUI_Refresh)
    SOLGUI_SwitchFont                        0x080028cd   Thumb Code    12  solgui_printf.o(i.SOLGUI_SwitchFont)
    SOLGUI_Widget_GotoPage                   0x080028dd   Thumb Code   128  solgui_widget.o(i.SOLGUI_Widget_GotoPage)
    SOLGUI_Widget_Switch                     0x08002975   Thumb Code   138  solgui_widget.o(i.SOLGUI_Widget_Switch)
    SOLGUI_printf                            0x08002a25   Thumb Code    20  solgui_printf.o(i.SOLGUI_printf)
    SVC_Handler                              0x08002a39   Thumb Code     2  stm32f1xx_it.o(i.SVC_Handler)
    SysTick_Handler                          0x08002a3b   Thumb Code     4  stm32f1xx_it.o(i.SysTick_Handler)
    SystemClock_Config                       0x08002a3f   Thumb Code   122  main.o(i.SystemClock_Config)
    SystemInit                               0x08002ab9   Thumb Code     2  system_stm32f1xx.o(i.SystemInit)
    TIM6_IRQHandler                          0x08002abd   Thumb Code     6  stm32f1xx_it.o(i.TIM6_IRQHandler)
    TIM7_IRQHandler                          0x08002ac9   Thumb Code     6  stm32f1xx_it.o(i.TIM7_IRQHandler)
    TIM_Base_SetConfig                       0x08002ad5   Thumb Code   120  stm32f1xx_hal_tim.o(i.TIM_Base_SetConfig)
    USART1_IRQHandler                        0x08002d11   Thumb Code    82  stm32f1xx_it.o(i.USART1_IRQHandler)
    UsageFault_Handler                       0x08002d79   Thumb Code     2  stm32f1xx_it.o(i.UsageFault_Handler)
    _LineModes                               0x08002d7b   Thumb Code    44  solgui_gbasic.o(i._LineModes)
    _OptionsDisplay_Judge                    0x08002da9   Thumb Code    24  solgui_widget.o(i._OptionsDisplay_Judge)
    _OptionsDisplay_coorY                    0x08002dc5   Thumb Code    16  solgui_widget.o(i._OptionsDisplay_coorY)
    __0vsprintf                              0x08002dd9   Thumb Code    30  printfa.o(i.__0vsprintf)
    __1vsprintf                              0x08002dd9   Thumb Code     0  printfa.o(i.__0vsprintf)
    __2vsprintf                              0x08002dd9   Thumb Code     0  printfa.o(i.__0vsprintf)
    __c89vsprintf                            0x08002dd9   Thumb Code     0  printfa.o(i.__0vsprintf)
    vsprintf                                 0x08002dd9   Thumb Code     0  printfa.o(i.__0vsprintf)
    __SOLGUI_printf                          0x08002e1d   Thumb Code   910  solgui_printf.o(i.__SOLGUI_printf)
    __scatterload_copy                       0x080031ab   Thumb Code    14  handlers.o(i.__scatterload_copy)
    __scatterload_null                       0x080031b9   Thumb Code     2  handlers.o(i.__scatterload_null)
    __scatterload_zeroinit                   0x080031bb   Thumb Code    14  handlers.o(i.__scatterload_zeroinit)
    _senddata                                0x08003a5d   Thumb Code    28  main.o(i._senddata)
    _tcp_conn                                0x08003a9d   Thumb Code    28  main.o(i._tcp_conn)
    _wifi_conn                               0x08003ad5   Thumb Code    28  main.o(i._wifi_conn)
    _wifi_init                               0x08003b0d   Thumb Code    28  main.o(i._wifi_init)
    _wifi_list                               0x08003b41   Thumb Code    54  main.o(i._wifi_list)
    atk_8266_check_cmd                       0x08003b7d   Thumb Code    34  esp8266.o(i.atk_8266_check_cmd)
    atk_8266_quit_trans                      0x08003ba9   Thumb Code    54  esp8266.o(i.atk_8266_quit_trans)
    delay_ms                                 0x08003be5   Thumb Code    26  delay.o(i.delay_ms)
    delay_us                                 0x08003bff   Thumb Code    44  delay.o(i.delay_us)
    esp8266_init                             0x08003c2d   Thumb Code    74  esp8266.o(i.esp8266_init)
    esp8266_send_cmd                         0x08003cb1   Thumb Code    68  esp8266.o(i.esp8266_send_cmd)
    esp8266_send_data                        0x08003d01   Thumb Code     8  esp8266.o(i.esp8266_send_data)
    esp_connectjudge                         0x08003d11   Thumb Code    82  esp8266.o(i.esp_connectjudge)
    esp_initjudge                            0x08003dad   Thumb Code    36  esp8266.o(i.esp_initjudge)
    esp_senddatajudge                        0x08003dd9   Thumb Code   100  esp8266.o(i.esp_senddatajudge)
    esp_tcpjudge                             0x08003e69   Thumb Code    66  esp8266.o(i.esp_tcpjudge)
    get_adc                                  0x08003eed   Thumb Code    26  adc.o(i.get_adc)
    get_adc_average                          0x08003f0d   Thumb Code    38  adc.o(i.get_adc_average)
    get_pressure_data                        0x08003f35   Thumb Code    78  adc.o(i.get_pressure_data)
    iic_ack                                  0x08003f8d   Thumb Code    56  iic.o(i.iic_ack)
    iic_init                                 0x08003fcd   Thumb Code    14  iic.o(i.iic_init)
    iic_start                                0x08003fe1   Thumb Code    56  iic.o(i.iic_start)
    iic_stop                                 0x08004021   Thumb Code    58  iic.o(i.iic_stop)
    iic_write_byte                           0x08004065   Thumb Code    86  iic.o(i.iic_write_byte)
    main                                     0x080040c5   Thumb Code    90  main.o(i.main)
    oled_clear                               0x08004125   Thumb Code    42  oled.o(i.oled_clear)
    oled_init                                0x08004155   Thumb Code   186  oled.o(i.oled_init)
    oled_refreshram                          0x08004211   Thumb Code    60  oled.o(i.oled_refreshram)
    systick_delayinit                        0x0800424d   Thumb Code    28  delay.o(i.systick_delayinit)
    uart1printf                              0x08004269   Thumb Code    56  usart.o(i.uart1printf)
    writecmd                                 0x080042a9   Thumb Code    46  oled.o(i.writecmd)
    writedata                                0x080042d7   Thumb Code    46  oled.o(i.writedata)
    AHBPrescTable                            0x08004304   Data          16  system_stm32f1xx.o(.constdata)
    APBPrescTable                            0x08004314   Data           8  system_stm32f1xx.o(.constdata)
    SOL_ASCII_IME_lowerchar                  0x0800431c   Data          27  solgui_widget.o(.constdata)
    SOL_ASCII_IME_upperchar                  0x08004337   Data          27  solgui_widget.o(.constdata)
    SOL_ASCII_IME_Number                     0x08004352   Data          29  solgui_widget.o(.constdata)
    SOL_ASCII_IME_symbol                     0x0800436f   Data          15  solgui_widget.o(.constdata)
    SOL_ASCII_IME_CRLchar                    0x0800437e   Data           3  solgui_widget.o(.constdata)
    _Font6x8                                 0x08004381   Data         848  font6x8_ascii.o(.constdata)
    Region$$Table$$Base                      0x08004738   Number         0  anon$$obj.o(Region$$Table)
    Region$$Table$$Limit                     0x08004758   Number         0  anon$$obj.o(Region$$Table)
    usart1_rx_sta                            0x20000006   Data           2  esp8266.o(.data)
    key                                      0x20000008   Data           1  main.o(.data)
    switch_reg                               0x2000000c   Data           4  main.o(.data)
    wifi_list                                0x20000010   Data          12  main.o(.data)
    wifi_init                                0x2000001c   Data          12  main.o(.data)
    wifi_conn                                0x20000028   Data          12  main.o(.data)
    tcp_conn                                 0x20000034   Data          12  main.o(.data)
    senddata                                 0x20000040   Data          12  main.o(.data)
    percentage                               0x2000004c   Data           1  adc.o(.data)
    adc_value                                0x20000050   Data           4  adc.o(.data)
    press_data                               0x20000054   Data           5  adc.o(.data)
    usart1_tx_buf                            0x20000060   Data         800  usart.o(.data)
    uwTickFreq                               0x20000380   Data           1  stm32f1xx_hal.o(.data)
    uwTickPrio                               0x20000384   Data           4  stm32f1xx_hal.o(.data)
    uwTick                                   0x20000388   Data           4  stm32f1xx_hal.o(.data)
    SystemCoreClock                          0x2000038c   Data           4  system_stm32f1xx.o(.data)
    cur_key                                  0x20000390   Data           1  solgui_menu.o(.data)
    SOLGUI_CSR                               0x20000391   Data           1  solgui_menu.o(.data)
    current_page                             0x20000394   Data           4  solgui_menu.o(.data)
    _key_cache                               0x20000398   Data           7  solgui_menu.o(.data)
    _fontInfo_6x8                            0x200003a0   Data           8  solgui_printf.o(.data)
    IME_CLUSTER_LC                           0x200003a8   Data          16  solgui_widget.o(.data)
    IME_CLUSTER_UC                           0x200003b8   Data          16  solgui_widget.o(.data)
    IME_CLUSTER_NU                           0x200003c8   Data          16  solgui_widget.o(.data)
    IME_CLUSTER_SY                           0x200003d8   Data          16  solgui_widget.o(.data)
    IME_CLUSTER_CR                           0x200003e8   Data          16  solgui_widget.o(.data)
    SOL_ASCII_IME_REG                        0x200003f8   Data          24  solgui_widget.o(.data)
    SOL_ASCII_IME                            0x20000418   Data           4  solgui_widget.o(.data)
    cursor                                   0x2000041c   Data           4  solgui_widget.o(.data)
    OLED_GRAM                                0x20000420   Data        1024  oled.o(.bss)
    hadc1                                    0x20000820   Data          48  adc.o(.bss)
    htim6                                    0x20000850   Data          72  tim.o(.bss)
    htim7                                    0x20000898   Data          72  tim.o(.bss)
    huart1                                   0x200008e0   Data          68  usart.o(.bss)
    usart1_rx_buf                            0x20000924   Data         800  usart.o(.bss)
    cursor_reg                               0x20000c44   Data          12  solgui_widget.o(.bss)
    option_enable_list                       0x20000c79   Data          16  solgui_widget.o(.bss)
    SOLGUI_GRAM                              0x20000c89   Data        1024  solgui_common.o(.bss)
    __initial_sp                             0x20001490   Data           0  startup_stm32f103xe.o(STACK)



==============================================================================

Memory Map of the image

  Image Entry point : 0x08000131

  Load Region LR_IROM1 (Base: 0x08000000, Size: 0x00004b78, Max: 0x00040000, ABSOLUTE, COMPRESSED[0x000047e8])

    Execution Region ER_IROM1 (Base: 0x08000000, Size: 0x00004758, Max: 0x00040000, ABSOLUTE)

    Base Addr    Size         Type   Attr      Idx    E Section Name        Object

    0x08000000   0x00000130   Data   RO            3    RESET               startup_stm32f103xe.o
    0x08000130   0x00000000   Code   RO         4041  * .ARM.Collect$$$$00000000  mc_w.l(entry.o)
    0x08000130   0x00000004   Code   RO         4122    .ARM.Collect$$$$00000001  mc_w.l(entry2.o)
    0x08000134   0x00000004   Code   RO         4125    .ARM.Collect$$$$00000004  mc_w.l(entry5.o)
    0x08000138   0x00000000   Code   RO         4127    .ARM.Collect$$$$00000008  mc_w.l(entry7b.o)
    0x08000138   0x00000000   Code   RO         4129    .ARM.Collect$$$$0000000A  mc_w.l(entry8b.o)
    0x08000138   0x00000008   Code   RO         4130    .ARM.Collect$$$$0000000B  mc_w.l(entry9a.o)
    0x08000140   0x00000000   Code   RO         4132    .ARM.Collect$$$$0000000D  mc_w.l(entry10a.o)
    0x08000140   0x00000000   Code   RO         4134    .ARM.Collect$$$$0000000F  mc_w.l(entry11a.o)
    0x08000140   0x00000004   Code   RO         4123    .ARM.Collect$$$$00002712  mc_w.l(entry2.o)
    0x08000144   0x00000024   Code   RO            4    .text               startup_stm32f103xe.o
    0x08000168   0x00000020   Code   RO         4044    .text               mc_w.l(llushr.o)
    0x08000188   0x00000024   Code   RO         4046    .text               mc_w.l(memseta.o)
    0x080001ac   0x00000024   Code   RO         4048    .text               mc_w.l(strstr.o)
    0x080001d0   0x0000000e   Code   RO         4052    .text               mc_w.l(strlen.o)
    0x080001de   0x00000064   Code   RO         4088    .text               mf_w.l(fmul.o)
    0x08000242   0x00000018   Code   RO         4092    .text               mf_w.l(fscalb.o)
    0x0800025a   0x0000014e   Code   RO         4094    .text               mf_w.l(dadd.o)
    0x080003a8   0x000000e4   Code   RO         4096    .text               mf_w.l(dmul.o)
    0x0800048c   0x000000de   Code   RO         4098    .text               mf_w.l(ddiv.o)
    0x0800056a   0x00000012   Code   RO         4100    .text               mf_w.l(fflti.o)
    0x0800057c   0x00000022   Code   RO         4104    .text               mf_w.l(dflti.o)
    0x0800059e   0x0000001a   Code   RO         4106    .text               mf_w.l(dfltui.o)
    0x080005b8   0x00000028   Code   RO         4108    .text               mf_w.l(ffixui.o)
    0x080005e0   0x0000003e   Code   RO         4110    .text               mf_w.l(dfixi.o)
    0x0800061e   0x00000032   Code   RO         4112    .text               mf_w.l(dfixui.o)
    0x08000650   0x00000030   Code   RO         4116    .text               mf_w.l(cdcmple.o)
    0x08000680   0x00000030   Code   RO         4118    .text               mf_w.l(cdrcmple.o)
    0x080006b0   0x0000002c   Code   RO         4139    .text               mc_w.l(uidiv.o)
    0x080006dc   0x00000062   Code   RO         4141    .text               mc_w.l(uldiv.o)
    0x0800073e   0x0000001e   Code   RO         4143    .text               mc_w.l(llshl.o)
    0x0800075c   0x00000024   Code   RO         4145    .text               mc_w.l(llsshr.o)
    0x08000780   0x00000000   Code   RO         4147    .text               mc_w.l(iusefp.o)
    0x08000780   0x0000006e   Code   RO         4148    .text               mf_w.l(fepilogue.o)
    0x080007ee   0x000000ba   Code   RO         4150    .text               mf_w.l(depilogue.o)
    0x080008a8   0x00000030   Code   RO         4152    .text               mf_w.l(dfixul.o)
    0x080008d8   0x00000024   Code   RO         4154    .text               mc_w.l(init.o)
    0x080008fc   0x00000056   Code   RO         4166    .text               mc_w.l(__dczerorl2.o)
    0x08000952   0x00000002   PAD
    0x08000954   0x00000056   Code   RO          908    i.ADC_ConversionStop_Disable  stm32f1xx_hal_adc.o
    0x080009aa   0x00000002   PAD
    0x080009ac   0x0000007c   Code   RO          912    i.ADC_Enable        stm32f1xx_hal_adc.o
    0x08000a28   0x00000002   Code   RO          754    i.BusFault_Handler  stm32f1xx_it.o
    0x08000a2a   0x00000002   Code   RO          755    i.DebugMon_Handler  stm32f1xx_it.o
    0x08000a2c   0x00000004   Code   RO          448    i.Error_Handler     main.o
    0x08000a30   0x00000024   Code   RO         3614    i.FIFO_DeQueue      solgui_menu.o
    0x08000a54   0x0000001c   Code   RO         3615    i.FIFO_EnQueue      solgui_menu.o
    0x08000a70   0x00000014   Code   RO         3616    i.FIFO_Init         solgui_menu.o
    0x08000a84   0x000000fc   Code   RO          914    i.HAL_ADC_ConfigChannel  stm32f1xx_hal_adc.o
    0x08000b80   0x00000006   Code   RO          921    i.HAL_ADC_GetValue  stm32f1xx_hal_adc.o
    0x08000b86   0x00000002   PAD
    0x08000b88   0x00000124   Code   RO          923    i.HAL_ADC_Init      stm32f1xx_hal_adc.o
    0x08000cac   0x00000058   Code   RO          580    i.HAL_ADC_MspInit   adc.o
    0x08000d04   0x0000013c   Code   RO          927    i.HAL_ADC_PollForConversion  stm32f1xx_hal_adc.o
    0x08000e40   0x000000c0   Code   RO          929    i.HAL_ADC_Start     stm32f1xx_hal_adc.o
    0x08000f00   0x00000046   Code   RO         1563    i.HAL_DMA_Abort     stm32f1xx_hal_dma.o
    0x08000f46   0x00000002   PAD
    0x08000f48   0x00000130   Code   RO         1564    i.HAL_DMA_Abort_IT  stm32f1xx_hal_dma.o
    0x08001078   0x000001f8   Code   RO         1499    i.HAL_GPIO_Init     stm32f1xx_hal_gpio.o
    0x08001270   0x0000000a   Code   RO         1501    i.HAL_GPIO_ReadPin  stm32f1xx_hal_gpio.o
    0x0800127a   0x0000000a   Code   RO         1503    i.HAL_GPIO_WritePin  stm32f1xx_hal_gpio.o
    0x08001284   0x0000000c   Code   RO         1195    i.HAL_GetTick       stm32f1xx_hal.o
    0x08001290   0x00000010   Code   RO         1201    i.HAL_IncTick       stm32f1xx_hal.o
    0x080012a0   0x00000024   Code   RO         1202    i.HAL_Init          stm32f1xx_hal.o
    0x080012c4   0x00000040   Code   RO         1203    i.HAL_InitTick      stm32f1xx_hal.o
    0x08001304   0x00000044   Code   RO          848    i.HAL_MspInit       stm32f1xx_hal_msp.o
    0x08001348   0x0000001a   Code   RO         1659    i.HAL_NVIC_EnableIRQ  stm32f1xx_hal_cortex.o
    0x08001362   0x00000002   PAD
    0x08001364   0x00000040   Code   RO         1665    i.HAL_NVIC_SetPriority  stm32f1xx_hal_cortex.o
    0x080013a4   0x00000024   Code   RO         1666    i.HAL_NVIC_SetPriorityGrouping  stm32f1xx_hal_cortex.o
    0x080013c8   0x000000d4   Code   RO         1461    i.HAL_RCCEx_GetPeriphCLKFreq  stm32f1xx_hal_rcc_ex.o
    0x0800149c   0x000000ec   Code   RO         1462    i.HAL_RCCEx_PeriphCLKConfig  stm32f1xx_hal_rcc_ex.o
    0x08001588   0x0000012c   Code   RO         1359    i.HAL_RCC_ClockConfig  stm32f1xx_hal_rcc.o
    0x080016b4   0x00000020   Code   RO         1366    i.HAL_RCC_GetPCLK1Freq  stm32f1xx_hal_rcc.o
    0x080016d4   0x00000020   Code   RO         1367    i.HAL_RCC_GetPCLK2Freq  stm32f1xx_hal_rcc.o
    0x080016f4   0x0000006c   Code   RO         1368    i.HAL_RCC_GetSysClockFreq  stm32f1xx_hal_rcc.o
    0x08001760   0x00000320   Code   RO         1371    i.HAL_RCC_OscConfig  stm32f1xx_hal_rcc.o
    0x08001a80   0x00000028   Code   RO         1670    i.HAL_SYSTICK_Config  stm32f1xx_hal_cortex.o
    0x08001aa8   0x00000002   Code   RO         2865    i.HAL_TIMEx_BreakCallback  stm32f1xx_hal_tim_ex.o
    0x08001aaa   0x00000002   Code   RO         2866    i.HAL_TIMEx_CommutCallback  stm32f1xx_hal_tim_ex.o
    0x08001aac   0x0000007c   Code   RO         2884    i.HAL_TIMEx_MasterConfigSynchronization  stm32f1xx_hal_tim_ex.o
    0x08001b28   0x0000005a   Code   RO         2161    i.HAL_TIM_Base_Init  stm32f1xx_hal_tim.o
    0x08001b82   0x00000002   PAD
    0x08001b84   0x0000006c   Code   RO          640    i.HAL_TIM_Base_MspInit  tim.o
    0x08001bf0   0x0000006c   Code   RO         2166    i.HAL_TIM_Base_Start_IT  stm32f1xx_hal_tim.o
    0x08001c5c   0x00000002   Code   RO         2195    i.HAL_TIM_IC_CaptureCallback  stm32f1xx_hal_tim.o
    0x08001c5e   0x00000166   Code   RO         2209    i.HAL_TIM_IRQHandler  stm32f1xx_hal_tim.o
    0x08001dc4   0x00000002   Code   RO         2212    i.HAL_TIM_OC_DelayElapsedCallback  stm32f1xx_hal_tim.o
    0x08001dc6   0x00000002   Code   RO         2239    i.HAL_TIM_PWM_PulseFinishedCallback  stm32f1xx_hal_tim.o
    0x08001dc8   0x00000054   Code   RO          641    i.HAL_TIM_PeriodElapsedCallback  tim.o
    0x08001e1c   0x00000002   Code   RO         2252    i.HAL_TIM_TriggerCallback  stm32f1xx_hal_tim.o
    0x08001e1e   0x00000002   Code   RO         3143    i.HAL_UARTEx_RxEventCallback  stm32f1xx_hal_uart.o
    0x08001e20   0x00000002   Code   RO         3157    i.HAL_UART_ErrorCallback  stm32f1xx_hal_uart.o
    0x08001e22   0x00000002   PAD
    0x08001e24   0x0000020c   Code   RO         3160    i.HAL_UART_IRQHandler  stm32f1xx_hal_uart.o
    0x08002030   0x00000062   Code   RO         3161    i.HAL_UART_Init     stm32f1xx_hal_uart.o
    0x08002092   0x00000002   PAD
    0x08002094   0x0000008c   Code   RO          695    i.HAL_UART_MspInit  usart.o
    0x08002120   0x00000002   Code   RO          696    i.HAL_UART_RxCpltCallback  usart.o
    0x08002122   0x00000002   Code   RO         3172    i.HAL_UART_TxCpltCallback  stm32f1xx_hal_uart.o
    0x08002124   0x00000002   Code   RO          756    i.HardFault_Handler  stm32f1xx_it.o
    0x08002126   0x00000002   PAD
    0x08002128   0x000000b8   Code   RO          322    i.KEY_Scan          key.o
    0x080021e0   0x00000050   Code   RO          581    i.MX_ADC1_Init      adc.o
    0x08002230   0x0000009c   Code   RO          555    i.MX_GPIO_Init      gpio.o
    0x080022cc   0x0000004c   Code   RO          642    i.MX_TIM6_Init      tim.o
    0x08002318   0x0000004c   Code   RO          643    i.MX_TIM7_Init      tim.o
    0x08002364   0x00000038   Code   RO          697    i.MX_USART1_UART_Init  usart.o
    0x0800239c   0x00000002   Code   RO          757    i.MemManage_Handler  stm32f1xx_it.o
    0x0800239e   0x00000002   Code   RO          758    i.NMI_Handler       stm32f1xx_it.o
    0x080023a0   0x00000002   Code   RO          759    i.PendSV_Handler    stm32f1xx_it.o
    0x080023a2   0x00000002   PAD
    0x080023a4   0x00000010   Code   RO         3999    i.SOLGUI_Clean      solgui_common.o
    0x080023b4   0x000001a4   Code   RO         3779    i.SOLGUI_Cursor     solgui_widget.o
    0x08002558   0x0000003c   Code   RO         4000    i.SOLGUI_DrawPoint  solgui_common.o
    0x08002594   0x000000cc   Code   RO         3528    i.SOLGUI_GBasic_Line  solgui_gbasic.o
    0x08002660   0x0000009c   Code   RO         3530    i.SOLGUI_GBasic_Rectangle  solgui_gbasic.o
    0x080026fc   0x0000000c   Code   RO         3617    i.SOLGUI_GetCurrentKey  solgui_menu.o
    0x08002708   0x00000004   Code   RO         3576    i.SOLGUI_Hardware_FillScreen  solgui_hardware.o
    0x0800270c   0x00000004   Code   RO         3577    i.SOLGUI_Hardware_Init  solgui_hardware.o
    0x08002710   0x00000020   Code   RO         4001    i.SOLGUI_Init       solgui_common.o
    0x08002730   0x00000004   Code   RO         3618    i.SOLGUI_InputKey   solgui_menu.o
    0x08002734   0x00000040   Code   RO         3619    i.SOLGUI_Menu_PageStage  solgui_menu.o
    0x08002774   0x0000000c   Code   RO         3620    i.SOLGUI_Menu_SetHomePage  solgui_menu.o
    0x08002780   0x0000007c   Code   RO         3621    i.SOLGUI_Menu_Title  solgui_menu.o
    0x080027fc   0x00000084   Code   RO         3712    i.SOLGUI_PutChar    solgui_printf.o
    0x08002880   0x00000036   Code   RO         3713    i.SOLGUI_PutString  solgui_printf.o
    0x080028b6   0x00000002   PAD
    0x080028b8   0x00000014   Code   RO         4002    i.SOLGUI_Refresh    solgui_common.o
    0x080028cc   0x00000010   Code   RO         3714    i.SOLGUI_SwitchFont  solgui_printf.o
    0x080028dc   0x00000098   Code   RO         3784    i.SOLGUI_Widget_GotoPage  solgui_widget.o
    0x08002974   0x000000b0   Code   RO         3790    i.SOLGUI_Widget_Switch  solgui_widget.o
    0x08002a24   0x00000014   Code   RO         3715    i.SOLGUI_printf     solgui_printf.o
    0x08002a38   0x00000002   Code   RO          760    i.SVC_Handler       stm32f1xx_it.o
    0x08002a3a   0x00000004   Code   RO          761    i.SysTick_Handler   stm32f1xx_it.o
    0x08002a3e   0x0000007a   Code   RO          449    i.SystemClock_Config  main.o
    0x08002ab8   0x00000002   Code   RO         3490    i.SystemInit        system_stm32f1xx.o
    0x08002aba   0x00000002   PAD
    0x08002abc   0x0000000c   Code   RO          762    i.TIM6_IRQHandler   stm32f1xx_it.o
    0x08002ac8   0x0000000c   Code   RO          763    i.TIM7_IRQHandler   stm32f1xx_it.o
    0x08002ad4   0x0000008c   Code   RO         2254    i.TIM_Base_SetConfig  stm32f1xx_hal_tim.o
    0x08002b60   0x00000010   Code   RO         3174    i.UART_DMAAbortOnError  stm32f1xx_hal_uart.o
    0x08002b70   0x00000030   Code   RO         3184    i.UART_EndRxTransfer  stm32f1xx_hal_uart.o
    0x08002ba0   0x000000b6   Code   RO         3186    i.UART_Receive_IT   stm32f1xx_hal_uart.o
    0x08002c56   0x00000002   PAD
    0x08002c58   0x000000b8   Code   RO         3187    i.UART_SetConfig    stm32f1xx_hal_uart.o
    0x08002d10   0x00000068   Code   RO          764    i.USART1_IRQHandler  stm32f1xx_it.o
    0x08002d78   0x00000002   Code   RO          765    i.UsageFault_Handler  stm32f1xx_it.o
    0x08002d7a   0x0000002c   Code   RO         3531    i._LineModes        solgui_gbasic.o
    0x08002da6   0x00000002   PAD
    0x08002da8   0x0000001c   Code   RO         3792    i._OptionsDisplay_Judge  solgui_widget.o
    0x08002dc4   0x00000014   Code   RO         3793    i._OptionsDisplay_coorY  solgui_widget.o
    0x08002dd8   0x00000024   Code   RO         4065    i.__0vsprintf       mc_w.l(printfa.o)
    0x08002dfc   0x00000020   Code   RO         1672    i.__NVIC_SetPriority  stm32f1xx_hal_cortex.o
    0x08002e1c   0x0000038e   Code   RO         3716    i.__SOLGUI_printf   solgui_printf.o
    0x080031aa   0x0000000e   Code   RO         4160    i.__scatterload_copy  mc_w.l(handlers.o)
    0x080031b8   0x00000002   Code   RO         4161    i.__scatterload_null  mc_w.l(handlers.o)
    0x080031ba   0x0000000e   Code   RO         4162    i.__scatterload_zeroinit  mc_w.l(handlers.o)
    0x080031c8   0x00000164   Code   RO         4066    i._fp_digits        mc_w.l(printfa.o)
    0x0800332c   0x000006dc   Code   RO         4067    i._printf_core      mc_w.l(printfa.o)
    0x08003a08   0x00000024   Code   RO         4068    i._printf_post_padding  mc_w.l(printfa.o)
    0x08003a2c   0x0000002e   Code   RO         4069    i._printf_pre_padding  mc_w.l(printfa.o)
    0x08003a5a   0x00000002   PAD
    0x08003a5c   0x00000034   Code   RO          450    i._senddata         main.o
    0x08003a90   0x0000000a   Code   RO         4071    i._sputc            mc_w.l(printfa.o)
    0x08003a9a   0x00000002   PAD
    0x08003a9c   0x00000038   Code   RO          451    i._tcp_conn         main.o
    0x08003ad4   0x00000038   Code   RO          452    i._wifi_conn        main.o
    0x08003b0c   0x00000034   Code   RO          453    i._wifi_init        main.o
    0x08003b40   0x0000003c   Code   RO          454    i._wifi_list        main.o
    0x08003b7c   0x0000002c   Code   RO          351    i.atk_8266_check_cmd  esp8266.o
    0x08003ba8   0x0000003c   Code   RO          352    i.atk_8266_quit_trans  esp8266.o
    0x08003be4   0x0000001a   Code   RO          286    i.delay_ms          delay.o
    0x08003bfe   0x0000002c   Code   RO          287    i.delay_us          delay.o
    0x08003c2a   0x00000002   PAD
    0x08003c2c   0x00000084   Code   RO          353    i.esp8266_init      esp8266.o
    0x08003cb0   0x00000050   Code   RO          354    i.esp8266_send_cmd  esp8266.o
    0x08003d00   0x00000010   Code   RO          355    i.esp8266_send_data  esp8266.o
    0x08003d10   0x0000009c   Code   RO          356    i.esp_connectjudge  esp8266.o
    0x08003dac   0x0000002c   Code   RO          357    i.esp_initjudge     esp8266.o
    0x08003dd8   0x00000090   Code   RO          358    i.esp_senddatajudge  esp8266.o
    0x08003e68   0x00000084   Code   RO          359    i.esp_tcpjudge      esp8266.o
    0x08003eec   0x00000020   Code   RO          582    i.get_adc           adc.o
    0x08003f0c   0x00000026   Code   RO          583    i.get_adc_average   adc.o
    0x08003f32   0x00000002   PAD
    0x08003f34   0x00000058   Code   RO          584    i.get_pressure_data  adc.o
    0x08003f8c   0x00000040   Code   RO           13    i.iic_ack           iic.o
    0x08003fcc   0x00000014   Code   RO           14    i.iic_init          iic.o
    0x08003fe0   0x00000040   Code   RO           17    i.iic_start         iic.o
    0x08004020   0x00000044   Code   RO           18    i.iic_stop          iic.o
    0x08004064   0x00000060   Code   RO           20    i.iic_write_byte    iic.o
    0x080040c4   0x00000060   Code   RO          455    i.main              main.o
    0x08004124   0x00000030   Code   RO          180    i.oled_clear        oled.o
    0x08004154   0x000000ba   Code   RO          182    i.oled_init         oled.o
    0x0800420e   0x00000002   PAD
    0x08004210   0x0000003c   Code   RO          186    i.oled_refreshram   oled.o
    0x0800424c   0x0000001c   Code   RO          288    i.systick_delayinit  delay.o
    0x08004268   0x00000040   Code   RO          698    i.uart1printf       usart.o
    0x080042a8   0x0000002e   Code   RO          190    i.writecmd          oled.o
    0x080042d6   0x0000002e   Code   RO          191    i.writedata         oled.o
    0x08004304   0x00000010   Data   RO         3491    .constdata          system_stm32f1xx.o
    0x08004314   0x00000008   Data   RO         3492    .constdata          system_stm32f1xx.o
    0x0800431c   0x0000001b   Data   RO         3798    .constdata          solgui_widget.o
    0x08004337   0x0000001b   Data   RO         3799    .constdata          solgui_widget.o
    0x08004352   0x0000001d   Data   RO         3800    .constdata          solgui_widget.o
    0x0800436f   0x0000000f   Data   RO         3801    .constdata          solgui_widget.o
    0x0800437e   0x00000003   Data   RO         3802    .constdata          solgui_widget.o
    0x08004381   0x00000350   Data   RO         3939    .constdata          font6x8_ascii.o
    0x080046d1   0x00000003   PAD
    0x080046d4   0x0000003a   Data   RO          456    .conststring        main.o
    0x0800470e   0x00000002   PAD
    0x08004710   0x00000006   Data   RO         3803    .conststring        solgui_widget.o
    0x08004716   0x00000002   PAD
    0x08004718   0x00000006   Data   RO         3804    .conststring        solgui_widget.o
    0x0800471e   0x00000002   PAD
    0x08004720   0x00000007   Data   RO         3805    .conststring        solgui_widget.o
    0x08004727   0x00000001   PAD
    0x08004728   0x00000007   Data   RO         3806    .conststring        solgui_widget.o
    0x0800472f   0x00000001   PAD
    0x08004730   0x00000005   Data   RO         3807    .conststring        solgui_widget.o
    0x08004735   0x00000003   PAD
    0x08004738   0x00000020   Data   RO         4158    Region$$Table       anon$$obj.o


    Execution Region RW_IRAM1 (Base: 0x20000000, Size: 0x00001490, Max: 0x0000c000, ABSOLUTE, COMPRESSED[0x00000090])

    Base Addr    Size         Type   Attr      Idx    E Section Name        Object

    0x20000000   0x00000001   Data   RW          323    .data               key.o
    0x20000001   0x00000001   PAD
    0x20000002   0x00000006   Data   RW          361    .data               esp8266.o
    0x20000008   0x00000044   Data   RW          457    .data               main.o
    0x2000004c   0x0000000d   Data   RW          586    .data               adc.o
    0x20000059   0x00000007   PAD
    0x20000060   0x00000320   Data   RW          701    .data               usart.o
    0x20000380   0x0000000c   Data   RW         1209    .data               stm32f1xx_hal.o
    0x2000038c   0x00000004   Data   RW         3493    .data               system_stm32f1xx.o
    0x20000390   0x0000000f   Data   RW         3622    .data               solgui_menu.o
    0x2000039f   0x00000001   PAD
    0x200003a0   0x00000008   Data   RW         3717    .data               solgui_printf.o
    0x200003a8   0x00000010   Data   RW         3808    .data               solgui_widget.o
    0x200003b8   0x00000010   Data   RW         3809    .data               solgui_widget.o
    0x200003c8   0x00000010   Data   RW         3810    .data               solgui_widget.o
    0x200003d8   0x00000010   Data   RW         3811    .data               solgui_widget.o
    0x200003e8   0x00000010   Data   RW         3812    .data               solgui_widget.o
    0x200003f8   0x00000018   Data   RW         3813    .data               solgui_widget.o
    0x20000410   0x00000010   Data   RW         3814    .data               solgui_widget.o
    0x20000420   0x00000400   Zero   RW          192    .bss                oled.o
    0x20000820   0x00000030   Zero   RW          585    .bss                adc.o
    0x20000850   0x00000090   Zero   RW          644    .bss                tim.o
    0x200008e0   0x00000044   Zero   RW          699    .bss                usart.o
    0x20000924   0x00000320   Zero   RW          700    .bss                usart.o
    0x20000c44   0x0000000c   Zero   RW         3796    .bss                solgui_widget.o
    0x20000c50   0x00000039   Zero   RW         3797    .bss                solgui_widget.o
    0x20000c89   0x00000400   Zero   RW         4003    .bss                solgui_common.o
    0x20001089   0x00000007   PAD
    0x20001090   0x00000400   Zero   RW            1    STACK               startup_stm32f103xe.o


==============================================================================

Image component sizes


      Code (inc. data)   RO Data    RW Data    ZI Data      Debug   Object Name

       326         38          0         13         48       3435   adc.o
        98          0          0          0          0       1654   delay.o
       808        286          0          6          0       5802   esp8266.o
         0          0        848          0          0        663   font6x8_ascii.o
       156          8          0          0          0        967   gpio.o
       312         42          0          0          0     504725   iic.o
       184          8          0          1          0        707   key.o
       498        116         58         68          0       7880   main.o
       386          6          0          0       1024       3901   oled.o
       128         20          0          0       1024       2895   solgui_common.o
       404          0          0          0          0       2636   solgui_gbasic.o
         8          0          0          0          0        980   solgui_hardware.o
       300         48          0         15          0       4819   solgui_menu.o
      1132          4          0          8          0       6598   solgui_printf.o
       796         86        132        120         69       9373   solgui_widget.o
        36          8        304          0       1024        820   startup_stm32f103xe.o
       128         24          0         12          0       6009   stm32f1xx_hal.o
      1268         58          0          0          0       6704   stm32f1xx_hal_adc.o
       198         14          0          0          0      29039   stm32f1xx_hal_cortex.o
       374          8          0          0          0       1883   stm32f1xx_hal_dma.o
       524         42          0          0          0       3599   stm32f1xx_hal_gpio.o
        68         10          0          0          0        874   stm32f1xx_hal_msp.o
      1272        100          0          0          0       5288   stm32f1xx_hal_rcc.o
       448         44          0          0          0       2613   stm32f1xx_hal_rcc_ex.o
       704         40          0          0          0       6685   stm32f1xx_hal_tim.o
       128         20          0          0          0       2433   stm32f1xx_hal_tim_ex.o
      1058         10          0          0          0       7254   stm32f1xx_hal_uart.o
       148         34          0          0          0       5442   stm32f1xx_it.o
         2          0         24          4          0       1143   system_stm32f1xx.o
       344         48          0          0        144       2903   tim.o
       262         30          0        800        868       2990   usart.o

    ----------------------------------------------------------------------
     12530       1152       1412       1056       4208     642714   Object Totals
         0          0         32          0          0          0   (incl. Generated)
        32          0         14          9          7          0   (incl. Padding)

    ----------------------------------------------------------------------

      Code (inc. data)   RO Data    RW Data    ZI Data      Debug   Library Member Name

        86          0          0          0          0          0   __dczerorl2.o
         0          0          0          0          0          0   entry.o
         0          0          0          0          0          0   entry10a.o
         0          0          0          0          0          0   entry11a.o
         8          4          0          0          0          0   entry2.o
         4          0          0          0          0          0   entry5.o
         0          0          0          0          0          0   entry7b.o
         0          0          0          0          0          0   entry8b.o
         8          4          0          0          0          0   entry9a.o
        30          0          0          0          0          0   handlers.o
        36          8          0          0          0         68   init.o
         0          0          0          0          0          0   iusefp.o
        30          0          0          0          0         68   llshl.o
        36          0          0          0          0         68   llsshr.o
        32          0          0          0          0         68   llushr.o
        36          0          0          0          0        108   memseta.o
      2240         86          0          0          0        508   printfa.o
        14          0          0          0          0         68   strlen.o
        36          0          0          0          0         80   strstr.o
        44          0          0          0          0         80   uidiv.o
        98          0          0          0          0         92   uldiv.o
        48          0          0          0          0         68   cdcmple.o
        48          0          0          0          0         68   cdrcmple.o
       334          0          0          0          0        148   dadd.o
       222          0          0          0          0        100   ddiv.o
       186          0          0          0          0        176   depilogue.o
        62          0          0          0          0         80   dfixi.o
        50          0          0          0          0         76   dfixui.o
        48          0          0          0          0         68   dfixul.o
        34          0          0          0          0         76   dflti.o
        26          0          0          0          0         76   dfltui.o
       228          0          0          0          0         96   dmul.o
       110          0          0          0          0        168   fepilogue.o
        40          0          0          0          0         68   ffixui.o
        18          0          0          0          0         68   fflti.o
       100          0          0          0          0         76   fmul.o
        24          0          0          0          0         68   fscalb.o

    ----------------------------------------------------------------------
      4322        102          0          0          0       2688   Library Totals
         6          0          0          0          0          0   (incl. Padding)

    ----------------------------------------------------------------------

      Code (inc. data)   RO Data    RW Data    ZI Data      Debug   Library Name

      2738        102          0          0          0       1208   mc_w.l
      1578          0          0          0          0       1480   mf_w.l

    ----------------------------------------------------------------------
      4322        102          0          0          0       2688   Library Totals

    ----------------------------------------------------------------------

==============================================================================


      Code (inc. data)   RO Data    RW Data    ZI Data      Debug   

     16852       1254       1412       1056       4208     637418   Grand Totals
     16852       1254       1412        144       4208     637418   ELF Image Totals (compressed)
     16852       1254       1412        144          0          0   ROM Totals

==============================================================================

    Total RO  Size (Code + RO Data)                18264 (  17.84kB)
    Total RW  Size (RW Data + ZI Data)              5264 (   5.14kB)
    Total ROM Size (Code + RO Data + RW Data)      18408 (  17.98kB)

==============================================================================

